C:/Users/MEMS/OneDrive/polimi/2024/ai_inertial_steval_mkboxpro/X-CUBE-VESPUCCI/PnPL/Core/Src/App_model.c:48:13:ToggleFlashBank	64	static
C:/Users/MEMS/OneDrive/polimi/2024/ai_inertial_steval_mkboxpro/X-CUBE-VESPUCCI/PnPL/Core/Src/App_model.c:98:13:getAppModel	4	static
C:/Users/MEMS/OneDrive/polimi/2024/ai_inertial_steval_mkboxpro/X-CUBE-VESPUCCI/PnPL/Core/Src/App_model.c:108:9:lsm6dsv16x_acc_comp_init	16	static
C:/Users/MEMS/OneDrive/polimi/2024/ai_inertial_steval_mkboxpro/X-CUBE-VESPUCCI/PnPL/Core/Src/App_model.c:119:7:lsm6dsv16x_acc_get_key	4	static
C:/Users/MEMS/OneDrive/polimi/2024/ai_inertial_steval_mkboxpro/X-CUBE-VESPUCCI/PnPL/Core/Src/App_model.c:124:9:lsm6dsv16x_acc_get_odr	16	static
C:/Users/MEMS/OneDrive/polimi/2024/ai_inertial_steval_mkboxpro/X-CUBE-VESPUCCI/PnPL/Core/Src/App_model.c:130:9:lsm6dsv16x_acc_get_fs	16	static
C:/Users/MEMS/OneDrive/polimi/2024/ai_inertial_steval_mkboxpro/X-CUBE-VESPUCCI/PnPL/Core/Src/App_model.c:136:9:lsm6dsv16x_acc_get_stream_id	16	static
C:/Users/MEMS/OneDrive/polimi/2024/ai_inertial_steval_mkboxpro/X-CUBE-VESPUCCI/PnPL/Core/Src/App_model.c:141:9:lsm6dsv16x_acc_get_ep_id	16	static
C:/Users/MEMS/OneDrive/polimi/2024/ai_inertial_steval_mkboxpro/X-CUBE-VESPUCCI/PnPL/Core/Src/App_model.c:148:9:ai_application_mcu_comp_init	8	static
C:/Users/MEMS/OneDrive/polimi/2024/ai_inertial_steval_mkboxpro/X-CUBE-VESPUCCI/PnPL/Core/Src/App_model.c:155:7:ai_application_mcu_get_key	4	static
C:/Users/MEMS/OneDrive/polimi/2024/ai_inertial_steval_mkboxpro/X-CUBE-VESPUCCI/PnPL/Core/Src/App_model.c:160:9:ai_application_mcu_get_enable	16	static
C:/Users/MEMS/OneDrive/polimi/2024/ai_inertial_steval_mkboxpro/X-CUBE-VESPUCCI/PnPL/Core/Src/App_model.c:171:9:ai_application_mcu_start	16	static
C:/Users/MEMS/OneDrive/polimi/2024/ai_inertial_steval_mkboxpro/X-CUBE-VESPUCCI/PnPL/Core/Src/App_model.c:180:9:ai_application_mcu_stop	16	static
C:/Users/MEMS/OneDrive/polimi/2024/ai_inertial_steval_mkboxpro/X-CUBE-VESPUCCI/PnPL/Core/Src/App_model.c:187:9:ai_application_mcu_create_telemetry	112	static
C:/Users/MEMS/OneDrive/polimi/2024/ai_inertial_steval_mkboxpro/X-CUBE-VESPUCCI/PnPL/Core/Src/App_model.c:204:9:ai_application_mlc_comp_init	8	static
C:/Users/MEMS/OneDrive/polimi/2024/ai_inertial_steval_mkboxpro/X-CUBE-VESPUCCI/PnPL/Core/Src/App_model.c:211:7:ai_application_mlc_get_key	4	static
C:/Users/MEMS/OneDrive/polimi/2024/ai_inertial_steval_mkboxpro/X-CUBE-VESPUCCI/PnPL/Core/Src/App_model.c:216:9:ai_application_mlc_get_enable	16	static
C:/Users/MEMS/OneDrive/polimi/2024/ai_inertial_steval_mkboxpro/X-CUBE-VESPUCCI/PnPL/Core/Src/App_model.c:227:9:ai_application_mlc_get_model_filename	16	static
C:/Users/MEMS/OneDrive/polimi/2024/ai_inertial_steval_mkboxpro/X-CUBE-VESPUCCI/PnPL/Core/Src/App_model.c:233:9:ai_application_mlc_start	16	static
C:/Users/MEMS/OneDrive/polimi/2024/ai_inertial_steval_mkboxpro/X-CUBE-VESPUCCI/PnPL/Core/Src/App_model.c:244:9:ai_application_mlc_stop	16	static
C:/Users/MEMS/OneDrive/polimi/2024/ai_inertial_steval_mkboxpro/X-CUBE-VESPUCCI/PnPL/Core/Src/App_model.c:254:9:ai_application_mlc_load_ucf	24	static
C:/Users/MEMS/OneDrive/polimi/2024/ai_inertial_steval_mkboxpro/X-CUBE-VESPUCCI/PnPL/Core/Src/App_model.c:291:9:ai_application_mlc_create_telemetry	72	static
C:/Users/MEMS/OneDrive/polimi/2024/ai_inertial_steval_mkboxpro/X-CUBE-VESPUCCI/PnPL/Core/Src/App_model.c:304:9:ai_application_ispu_comp_init	8	static
C:/Users/MEMS/OneDrive/polimi/2024/ai_inertial_steval_mkboxpro/X-CUBE-VESPUCCI/PnPL/Core/Src/App_model.c:311:7:ai_application_ispu_get_key	4	static
C:/Users/MEMS/OneDrive/polimi/2024/ai_inertial_steval_mkboxpro/X-CUBE-VESPUCCI/PnPL/Core/Src/App_model.c:316:9:ai_application_ispu_get_enable	16	static
C:/Users/MEMS/OneDrive/polimi/2024/ai_inertial_steval_mkboxpro/X-CUBE-VESPUCCI/PnPL/Core/Src/App_model.c:327:9:ai_application_ispu_get_mounted	16	static
C:/Users/MEMS/OneDrive/polimi/2024/ai_inertial_steval_mkboxpro/X-CUBE-VESPUCCI/PnPL/Core/Src/App_model.c:333:9:ai_application_ispu_get_model_filename	16	static
C:/Users/MEMS/OneDrive/polimi/2024/ai_inertial_steval_mkboxpro/X-CUBE-VESPUCCI/PnPL/Core/Src/App_model.c:339:9:ai_application_ispu_start	24	static
C:/Users/MEMS/OneDrive/polimi/2024/ai_inertial_steval_mkboxpro/X-CUBE-VESPUCCI/PnPL/Core/Src/App_model.c:353:9:ai_application_ispu_stop	16	static
C:/Users/MEMS/OneDrive/polimi/2024/ai_inertial_steval_mkboxpro/X-CUBE-VESPUCCI/PnPL/Core/Src/App_model.c:363:9:ai_application_ispu_load_ucf	32	static
C:/Users/MEMS/OneDrive/polimi/2024/ai_inertial_steval_mkboxpro/X-CUBE-VESPUCCI/PnPL/Core/Src/App_model.c:399:9:ai_application_ispu_create_telemetry	72	static
C:/Users/MEMS/OneDrive/polimi/2024/ai_inertial_steval_mkboxpro/X-CUBE-VESPUCCI/PnPL/Core/Src/App_model.c:412:9:controller_comp_init	8	static
C:/Users/MEMS/OneDrive/polimi/2024/ai_inertial_steval_mkboxpro/X-CUBE-VESPUCCI/PnPL/Core/Src/App_model.c:419:7:controller_get_key	4	static
C:/Users/MEMS/OneDrive/polimi/2024/ai_inertial_steval_mkboxpro/X-CUBE-VESPUCCI/PnPL/Core/Src/App_model.c:423:9:controller_switch_bank	16	static
C:/Users/MEMS/OneDrive/polimi/2024/ai_inertial_steval_mkboxpro/X-CUBE-VESPUCCI/PnPL/Core/Src/App_model.c:428:9:controller_set_dfu_mode	16	static
C:/Users/MEMS/OneDrive/polimi/2024/ai_inertial_steval_mkboxpro/X-CUBE-VESPUCCI/PnPL/Core/Src/App_model.c:435:9:DeviceInformation_comp_init	4	static
C:/Users/MEMS/OneDrive/polimi/2024/ai_inertial_steval_mkboxpro/X-CUBE-VESPUCCI/PnPL/Core/Src/App_model.c:441:7:DeviceInformation_get_key	4	static
C:/Users/MEMS/OneDrive/polimi/2024/ai_inertial_steval_mkboxpro/X-CUBE-VESPUCCI/PnPL/Core/Src/App_model.c:446:9:DeviceInformation_get_manufacturer	16	static
C:/Users/MEMS/OneDrive/polimi/2024/ai_inertial_steval_mkboxpro/X-CUBE-VESPUCCI/PnPL/Core/Src/App_model.c:452:9:DeviceInformation_get_model	16	static
C:/Users/MEMS/OneDrive/polimi/2024/ai_inertial_steval_mkboxpro/X-CUBE-VESPUCCI/PnPL/Core/Src/App_model.c:458:9:DeviceInformation_get_swVersion	16	static
C:/Users/MEMS/OneDrive/polimi/2024/ai_inertial_steval_mkboxpro/X-CUBE-VESPUCCI/PnPL/Core/Src/App_model.c:464:9:DeviceInformation_get_osName	16	static
C:/Users/MEMS/OneDrive/polimi/2024/ai_inertial_steval_mkboxpro/X-CUBE-VESPUCCI/PnPL/Core/Src/App_model.c:470:9:DeviceInformation_get_processorArchitecture	16	static
C:/Users/MEMS/OneDrive/polimi/2024/ai_inertial_steval_mkboxpro/X-CUBE-VESPUCCI/PnPL/Core/Src/App_model.c:476:9:DeviceInformation_get_processorManufacturer	16	static
C:/Users/MEMS/OneDrive/polimi/2024/ai_inertial_steval_mkboxpro/X-CUBE-VESPUCCI/PnPL/Core/Src/App_model.c:482:9:DeviceInformation_get_totalStorage	16	static
C:/Users/MEMS/OneDrive/polimi/2024/ai_inertial_steval_mkboxpro/X-CUBE-VESPUCCI/PnPL/Core/Src/App_model.c:488:9:DeviceInformation_get_totalMemory	16	static
C:/Users/MEMS/OneDrive/polimi/2024/ai_inertial_steval_mkboxpro/X-CUBE-VESPUCCI/PnPL/Core/Src/App_model.c:496:9:firmware_info_comp_init	8	static
C:/Users/MEMS/OneDrive/polimi/2024/ai_inertial_steval_mkboxpro/X-CUBE-VESPUCCI/PnPL/Core/Src/App_model.c:503:7:firmware_info_get_key	4	static
C:/Users/MEMS/OneDrive/polimi/2024/ai_inertial_steval_mkboxpro/X-CUBE-VESPUCCI/PnPL/Core/Src/App_model.c:508:9:firmware_info_get_alias	16	static
C:/Users/MEMS/OneDrive/polimi/2024/ai_inertial_steval_mkboxpro/X-CUBE-VESPUCCI/PnPL/Core/Src/App_model.c:514:9:firmware_info_get_fw_name	16	static
C:/Users/MEMS/OneDrive/polimi/2024/ai_inertial_steval_mkboxpro/X-CUBE-VESPUCCI/PnPL/Core/Src/App_model.c:528:9:firmware_info_get_fw_version	16	static
C:/Users/MEMS/OneDrive/polimi/2024/ai_inertial_steval_mkboxpro/X-CUBE-VESPUCCI/PnPL/Core/Src/App_model.c:534:9:firmware_info_get_part_number	16	static
C:/Users/MEMS/OneDrive/polimi/2024/ai_inertial_steval_mkboxpro/X-CUBE-VESPUCCI/PnPL/Core/Src/App_model.c:540:9:firmware_info_get_device_url	16	static
C:/Users/MEMS/OneDrive/polimi/2024/ai_inertial_steval_mkboxpro/X-CUBE-VESPUCCI/PnPL/Core/Src/App_model.c:546:9:firmware_info_get_fw_url	16	static
C:/Users/MEMS/OneDrive/polimi/2024/ai_inertial_steval_mkboxpro/X-CUBE-VESPUCCI/PnPL/Core/Src/App_model.c:552:9:firmware_info_get_mac_address	16	static
