C:/Users/MEMS/OneDrive/polimi/2024/ai_inertial_steval_mkboxpro/Drivers/BSP/Components/lsm6dsv16x/lsm6dsv16x_reg.c:48:9:lsm6dsv16x_read_reg	40	static
C:/Users/MEMS/OneDrive/polimi/2024/ai_inertial_steval_mkboxpro/Drivers/BSP/Components/lsm6dsv16x/lsm6dsv16x_reg.c:69:9:lsm6dsv16x_write_reg	40	static
C:/Users/MEMS/OneDrive/polimi/2024/ai_inertial_steval_mkboxpro/Drivers/BSP/Components/lsm6dsv16x/lsm6dsv16x_reg.c:92:13:bytecpy	16	static
C:/Users/MEMS/OneDrive/polimi/2024/ai_inertial_steval_mkboxpro/Drivers/BSP/Components/lsm6dsv16x/lsm6dsv16x_reg.c:111:9:lsm6dsv16x_from_sflp_to_mg	16	static
C:/Users/MEMS/OneDrive/polimi/2024/ai_inertial_steval_mkboxpro/Drivers/BSP/Components/lsm6dsv16x/lsm6dsv16x_reg.c:116:9:lsm6dsv16x_from_fs2_to_mg	16	static
C:/Users/MEMS/OneDrive/polimi/2024/ai_inertial_steval_mkboxpro/Drivers/BSP/Components/lsm6dsv16x/lsm6dsv16x_reg.c:121:9:lsm6dsv16x_from_fs4_to_mg	16	static
C:/Users/MEMS/OneDrive/polimi/2024/ai_inertial_steval_mkboxpro/Drivers/BSP/Components/lsm6dsv16x/lsm6dsv16x_reg.c:126:9:lsm6dsv16x_from_fs8_to_mg	16	static
C:/Users/MEMS/OneDrive/polimi/2024/ai_inertial_steval_mkboxpro/Drivers/BSP/Components/lsm6dsv16x/lsm6dsv16x_reg.c:131:9:lsm6dsv16x_from_fs16_to_mg	16	static
C:/Users/MEMS/OneDrive/polimi/2024/ai_inertial_steval_mkboxpro/Drivers/BSP/Components/lsm6dsv16x/lsm6dsv16x_reg.c:136:9:lsm6dsv16x_from_fs125_to_mdps	16	static
C:/Users/MEMS/OneDrive/polimi/2024/ai_inertial_steval_mkboxpro/Drivers/BSP/Components/lsm6dsv16x/lsm6dsv16x_reg.c:141:9:lsm6dsv16x_from_fs250_to_mdps	16	static
C:/Users/MEMS/OneDrive/polimi/2024/ai_inertial_steval_mkboxpro/Drivers/BSP/Components/lsm6dsv16x/lsm6dsv16x_reg.c:146:9:lsm6dsv16x_from_fs500_to_mdps	16	static
C:/Users/MEMS/OneDrive/polimi/2024/ai_inertial_steval_mkboxpro/Drivers/BSP/Components/lsm6dsv16x/lsm6dsv16x_reg.c:151:9:lsm6dsv16x_from_fs1000_to_mdps	16	static
C:/Users/MEMS/OneDrive/polimi/2024/ai_inertial_steval_mkboxpro/Drivers/BSP/Components/lsm6dsv16x/lsm6dsv16x_reg.c:156:9:lsm6dsv16x_from_fs2000_to_mdps	16	static
C:/Users/MEMS/OneDrive/polimi/2024/ai_inertial_steval_mkboxpro/Drivers/BSP/Components/lsm6dsv16x/lsm6dsv16x_reg.c:161:9:lsm6dsv16x_from_fs4000_to_mdps	16	static
C:/Users/MEMS/OneDrive/polimi/2024/ai_inertial_steval_mkboxpro/Drivers/BSP/Components/lsm6dsv16x/lsm6dsv16x_reg.c:166:9:lsm6dsv16x_from_lsb_to_celsius	16	static
C:/Users/MEMS/OneDrive/polimi/2024/ai_inertial_steval_mkboxpro/Drivers/BSP/Components/lsm6dsv16x/lsm6dsv16x_reg.c:171:9:lsm6dsv16x_from_lsb_to_nsec	16	static
C:/Users/MEMS/OneDrive/polimi/2024/ai_inertial_steval_mkboxpro/Drivers/BSP/Components/lsm6dsv16x/lsm6dsv16x_reg.c:197:9:lsm6dsv16x_xl_offset_on_out_set	24	static
C:/Users/MEMS/OneDrive/polimi/2024/ai_inertial_steval_mkboxpro/Drivers/BSP/Components/lsm6dsv16x/lsm6dsv16x_reg.c:220:9:lsm6dsv16x_xl_offset_on_out_get	24	static
C:/Users/MEMS/OneDrive/polimi/2024/ai_inertial_steval_mkboxpro/Drivers/BSP/Components/lsm6dsv16x/lsm6dsv16x_reg.c:239:9:lsm6dsv16x_xl_offset_mg_set	56	static
C:/Users/MEMS/OneDrive/polimi/2024/ai_inertial_steval_mkboxpro/Drivers/BSP/Components/lsm6dsv16x/lsm6dsv16x_reg.c:325:9:lsm6dsv16x_xl_offset_mg_get	40	static
C:/Users/MEMS/OneDrive/polimi/2024/ai_inertial_steval_mkboxpro/Drivers/BSP/Components/lsm6dsv16x/lsm6dsv16x_reg.c:377:9:lsm6dsv16x_reset_set	32	static
C:/Users/MEMS/OneDrive/polimi/2024/ai_inertial_steval_mkboxpro/Drivers/BSP/Components/lsm6dsv16x/lsm6dsv16x_reg.c:413:9:lsm6dsv16x_reset_get	32	static
C:/Users/MEMS/OneDrive/polimi/2024/ai_inertial_steval_mkboxpro/Drivers/BSP/Components/lsm6dsv16x/lsm6dsv16x_reg.c:458:9:lsm6dsv16x_mem_bank_set	24	static
C:/Users/MEMS/OneDrive/polimi/2024/ai_inertial_steval_mkboxpro/Drivers/BSP/Components/lsm6dsv16x/lsm6dsv16x_reg.c:483:9:lsm6dsv16x_mem_bank_get	24	static
C:/Users/MEMS/OneDrive/polimi/2024/ai_inertial_steval_mkboxpro/Drivers/BSP/Components/lsm6dsv16x/lsm6dsv16x_reg.c:520:9:lsm6dsv16x_device_id_get	24	static
C:/Users/MEMS/OneDrive/polimi/2024/ai_inertial_steval_mkboxpro/Drivers/BSP/Components/lsm6dsv16x/lsm6dsv16x_reg.c:537:9:lsm6dsv16x_xl_data_rate_set	24	static
C:/Users/MEMS/OneDrive/polimi/2024/ai_inertial_steval_mkboxpro/Drivers/BSP/Components/lsm6dsv16x/lsm6dsv16x_reg.c:561:9:lsm6dsv16x_xl_data_rate_get	24	static
C:/Users/MEMS/OneDrive/polimi/2024/ai_inertial_steval_mkboxpro/Drivers/BSP/Components/lsm6dsv16x/lsm6dsv16x_reg.c:638:9:lsm6dsv16x_xl_mode_set	24	static
C:/Users/MEMS/OneDrive/polimi/2024/ai_inertial_steval_mkboxpro/Drivers/BSP/Components/lsm6dsv16x/lsm6dsv16x_reg.c:662:9:lsm6dsv16x_xl_mode_get	24	static
C:/Users/MEMS/OneDrive/polimi/2024/ai_inertial_steval_mkboxpro/Drivers/BSP/Components/lsm6dsv16x/lsm6dsv16x_reg.c:710:9:lsm6dsv16x_gy_data_rate_set	24	static
C:/Users/MEMS/OneDrive/polimi/2024/ai_inertial_steval_mkboxpro/Drivers/BSP/Components/lsm6dsv16x/lsm6dsv16x_reg.c:735:9:lsm6dsv16x_gy_data_rate_get	24	static
C:/Users/MEMS/OneDrive/polimi/2024/ai_inertial_steval_mkboxpro/Drivers/BSP/Components/lsm6dsv16x/lsm6dsv16x_reg.c:808:9:lsm6dsv16x_gy_mode_set	24	static
C:/Users/MEMS/OneDrive/polimi/2024/ai_inertial_steval_mkboxpro/Drivers/BSP/Components/lsm6dsv16x/lsm6dsv16x_reg.c:831:9:lsm6dsv16x_gy_mode_get	24	static
C:/Users/MEMS/OneDrive/polimi/2024/ai_inertial_steval_mkboxpro/Drivers/BSP/Components/lsm6dsv16x/lsm6dsv16x_reg.c:870:9:lsm6dsv16x_auto_increment_set	24	static
C:/Users/MEMS/OneDrive/polimi/2024/ai_inertial_steval_mkboxpro/Drivers/BSP/Components/lsm6dsv16x/lsm6dsv16x_reg.c:893:9:lsm6dsv16x_auto_increment_get	24	static
C:/Users/MEMS/OneDrive/polimi/2024/ai_inertial_steval_mkboxpro/Drivers/BSP/Components/lsm6dsv16x/lsm6dsv16x_reg.c:913:9:lsm6dsv16x_block_data_update_set	24	static
C:/Users/MEMS/OneDrive/polimi/2024/ai_inertial_steval_mkboxpro/Drivers/BSP/Components/lsm6dsv16x/lsm6dsv16x_reg.c:937:9:lsm6dsv16x_block_data_update_get	24	static
C:/Users/MEMS/OneDrive/polimi/2024/ai_inertial_steval_mkboxpro/Drivers/BSP/Components/lsm6dsv16x/lsm6dsv16x_reg.c:956:9:lsm6dsv16x_data_ready_mode_set	24	static
C:/Users/MEMS/OneDrive/polimi/2024/ai_inertial_steval_mkboxpro/Drivers/BSP/Components/lsm6dsv16x/lsm6dsv16x_reg.c:981:9:lsm6dsv16x_data_ready_mode_get	24	static
C:/Users/MEMS/OneDrive/polimi/2024/ai_inertial_steval_mkboxpro/Drivers/BSP/Components/lsm6dsv16x/lsm6dsv16x_reg.c:1014:9:lsm6dsv16x_gy_full_scale_set	24	static
C:/Users/MEMS/OneDrive/polimi/2024/ai_inertial_steval_mkboxpro/Drivers/BSP/Components/lsm6dsv16x/lsm6dsv16x_reg.c:1039:9:lsm6dsv16x_gy_full_scale_get	24	static
C:/Users/MEMS/OneDrive/polimi/2024/ai_inertial_steval_mkboxpro/Drivers/BSP/Components/lsm6dsv16x/lsm6dsv16x_reg.c:1088:9:lsm6dsv16x_xl_full_scale_set	24	static
C:/Users/MEMS/OneDrive/polimi/2024/ai_inertial_steval_mkboxpro/Drivers/BSP/Components/lsm6dsv16x/lsm6dsv16x_reg.c:1113:9:lsm6dsv16x_xl_full_scale_get	24	static
C:/Users/MEMS/OneDrive/polimi/2024/ai_inertial_steval_mkboxpro/Drivers/BSP/Components/lsm6dsv16x/lsm6dsv16x_reg.c:1154:9:lsm6dsv16x_xl_dual_channel_set	24	static
C:/Users/MEMS/OneDrive/polimi/2024/ai_inertial_steval_mkboxpro/Drivers/BSP/Components/lsm6dsv16x/lsm6dsv16x_reg.c:1178:9:lsm6dsv16x_xl_dual_channel_get	24	static
C:/Users/MEMS/OneDrive/polimi/2024/ai_inertial_steval_mkboxpro/Drivers/BSP/Components/lsm6dsv16x/lsm6dsv16x_reg.c:1197:9:lsm6dsv16x_xl_self_test_set	24	static
C:/Users/MEMS/OneDrive/polimi/2024/ai_inertial_steval_mkboxpro/Drivers/BSP/Components/lsm6dsv16x/lsm6dsv16x_reg.c:1222:9:lsm6dsv16x_xl_self_test_get	24	static
C:/Users/MEMS/OneDrive/polimi/2024/ai_inertial_steval_mkboxpro/Drivers/BSP/Components/lsm6dsv16x/lsm6dsv16x_reg.c:1259:9:lsm6dsv16x_gy_self_test_set	24	static
C:/Users/MEMS/OneDrive/polimi/2024/ai_inertial_steval_mkboxpro/Drivers/BSP/Components/lsm6dsv16x/lsm6dsv16x_reg.c:1284:9:lsm6dsv16x_gy_self_test_get	24	static
C:/Users/MEMS/OneDrive/polimi/2024/ai_inertial_steval_mkboxpro/Drivers/BSP/Components/lsm6dsv16x/lsm6dsv16x_reg.c:1321:9:lsm6dsv16x_ois_xl_self_test_set	24	static
C:/Users/MEMS/OneDrive/polimi/2024/ai_inertial_steval_mkboxpro/Drivers/BSP/Components/lsm6dsv16x/lsm6dsv16x_reg.c:1346:9:lsm6dsv16x_ois_xl_self_test_get	24	static
C:/Users/MEMS/OneDrive/polimi/2024/ai_inertial_steval_mkboxpro/Drivers/BSP/Components/lsm6dsv16x/lsm6dsv16x_reg.c:1383:9:lsm6dsv16x_ois_gy_self_test_set	24	static
C:/Users/MEMS/OneDrive/polimi/2024/ai_inertial_steval_mkboxpro/Drivers/BSP/Components/lsm6dsv16x/lsm6dsv16x_reg.c:1409:9:lsm6dsv16x_ois_gy_self_test_get	24	static
C:/Users/MEMS/OneDrive/polimi/2024/ai_inertial_steval_mkboxpro/Drivers/BSP/Components/lsm6dsv16x/lsm6dsv16x_reg.c:1454:9:lsm6dsv16x_pin_int1_route_set	24	static
C:/Users/MEMS/OneDrive/polimi/2024/ai_inertial_steval_mkboxpro/Drivers/BSP/Components/lsm6dsv16x/lsm6dsv16x_reg.c:1483:9:lsm6dsv16x_pin_int1_route_get	24	static
C:/Users/MEMS/OneDrive/polimi/2024/ai_inertial_steval_mkboxpro/Drivers/BSP/Components/lsm6dsv16x/lsm6dsv16x_reg.c:1509:9:lsm6dsv16x_pin_int2_route_set	24	static
C:/Users/MEMS/OneDrive/polimi/2024/ai_inertial_steval_mkboxpro/Drivers/BSP/Components/lsm6dsv16x/lsm6dsv16x_reg.c:1540:9:lsm6dsv16x_pin_int2_route_get	24	static
C:/Users/MEMS/OneDrive/polimi/2024/ai_inertial_steval_mkboxpro/Drivers/BSP/Components/lsm6dsv16x/lsm6dsv16x_reg.c:1573:9:lsm6dsv16x_all_sources_get	88	static
C:/Users/MEMS/OneDrive/polimi/2024/ai_inertial_steval_mkboxpro/Drivers/BSP/Components/lsm6dsv16x/lsm6dsv16x_reg.c:1738:9:lsm6dsv16x_flag_data_ready_get	24	static
C:/Users/MEMS/OneDrive/polimi/2024/ai_inertial_steval_mkboxpro/Drivers/BSP/Components/lsm6dsv16x/lsm6dsv16x_reg.c:1760:9:lsm6dsv16x_int_ack_mask_set	24	static
C:/Users/MEMS/OneDrive/polimi/2024/ai_inertial_steval_mkboxpro/Drivers/BSP/Components/lsm6dsv16x/lsm6dsv16x_reg.c:1777:9:lsm6dsv16x_int_ack_mask_get	24	static
C:/Users/MEMS/OneDrive/polimi/2024/ai_inertial_steval_mkboxpro/Drivers/BSP/Components/lsm6dsv16x/lsm6dsv16x_reg.c:1794:9:lsm6dsv16x_temperature_raw_get	24	static
C:/Users/MEMS/OneDrive/polimi/2024/ai_inertial_steval_mkboxpro/Drivers/BSP/Components/lsm6dsv16x/lsm6dsv16x_reg.c:1814:9:lsm6dsv16x_angular_rate_raw_get	32	static
C:/Users/MEMS/OneDrive/polimi/2024/ai_inertial_steval_mkboxpro/Drivers/BSP/Components/lsm6dsv16x/lsm6dsv16x_reg.c:1838:9:lsm6dsv16x_ois_angular_rate_raw_get	32	static
C:/Users/MEMS/OneDrive/polimi/2024/ai_inertial_steval_mkboxpro/Drivers/BSP/Components/lsm6dsv16x/lsm6dsv16x_reg.c:1862:9:lsm6dsv16x_ois_eis_angular_rate_raw_get	32	static
C:/Users/MEMS/OneDrive/polimi/2024/ai_inertial_steval_mkboxpro/Drivers/BSP/Components/lsm6dsv16x/lsm6dsv16x_reg.c:1886:9:lsm6dsv16x_acceleration_raw_get	32	static
C:/Users/MEMS/OneDrive/polimi/2024/ai_inertial_steval_mkboxpro/Drivers/BSP/Components/lsm6dsv16x/lsm6dsv16x_reg.c:1910:9:lsm6dsv16x_dual_acceleration_raw_get	32	static
C:/Users/MEMS/OneDrive/polimi/2024/ai_inertial_steval_mkboxpro/Drivers/BSP/Components/lsm6dsv16x/lsm6dsv16x_reg.c:1934:9:lsm6dsv16x_ah_qvar_raw_get	24	static
C:/Users/MEMS/OneDrive/polimi/2024/ai_inertial_steval_mkboxpro/Drivers/BSP/Components/lsm6dsv16x/lsm6dsv16x_reg.c:1954:9:lsm6dsv16x_odr_cal_reg_get	24	static
C:/Users/MEMS/OneDrive/polimi/2024/ai_inertial_steval_mkboxpro/Drivers/BSP/Components/lsm6dsv16x/lsm6dsv16x_reg.c:1973:9:lsm6dsv16x_ln_pg_write	48	static
C:/Users/MEMS/OneDrive/polimi/2024/ai_inertial_steval_mkboxpro/Drivers/BSP/Components/lsm6dsv16x/lsm6dsv16x_reg.c:2056:9:lsm6dsv16x_ln_pg_read	48	static
C:/Users/MEMS/OneDrive/polimi/2024/ai_inertial_steval_mkboxpro/Drivers/BSP/Components/lsm6dsv16x/lsm6dsv16x_reg.c:2132:9:lsm6dsv16x_emb_function_dbg_set	24	static
C:/Users/MEMS/OneDrive/polimi/2024/ai_inertial_steval_mkboxpro/Drivers/BSP/Components/lsm6dsv16x/lsm6dsv16x_reg.c:2156:9:lsm6dsv16x_emb_function_dbg_get	24	static
C:/Users/MEMS/OneDrive/polimi/2024/ai_inertial_steval_mkboxpro/Drivers/BSP/Components/lsm6dsv16x/lsm6dsv16x_reg.c:2192:9:lsm6dsv16x_den_polarity_set	24	static
C:/Users/MEMS/OneDrive/polimi/2024/ai_inertial_steval_mkboxpro/Drivers/BSP/Components/lsm6dsv16x/lsm6dsv16x_reg.c:2217:9:lsm6dsv16x_den_polarity_get	24	static
C:/Users/MEMS/OneDrive/polimi/2024/ai_inertial_steval_mkboxpro/Drivers/BSP/Components/lsm6dsv16x/lsm6dsv16x_reg.c:2249:9:lsm6dsv16x_den_conf_set	24	static
C:/Users/MEMS/OneDrive/polimi/2024/ai_inertial_steval_mkboxpro/Drivers/BSP/Components/lsm6dsv16x/lsm6dsv16x_reg.c:2305:9:lsm6dsv16x_den_conf_get	24	static
C:/Users/MEMS/OneDrive/polimi/2024/ai_inertial_steval_mkboxpro/Drivers/BSP/Components/lsm6dsv16x/lsm6dsv16x_reg.c:2378:9:lsm6dsv16x_eis_gy_full_scale_set	24	static
C:/Users/MEMS/OneDrive/polimi/2024/ai_inertial_steval_mkboxpro/Drivers/BSP/Components/lsm6dsv16x/lsm6dsv16x_reg.c:2403:9:lsm6dsv16x_eis_gy_full_scale_get	24	static
C:/Users/MEMS/OneDrive/polimi/2024/ai_inertial_steval_mkboxpro/Drivers/BSP/Components/lsm6dsv16x/lsm6dsv16x_reg.c:2448:9:lsm6dsv16x_eis_gy_on_spi2_set	24	static
C:/Users/MEMS/OneDrive/polimi/2024/ai_inertial_steval_mkboxpro/Drivers/BSP/Components/lsm6dsv16x/lsm6dsv16x_reg.c:2472:9:lsm6dsv16x_eis_gy_on_spi2_get	24	static
C:/Users/MEMS/OneDrive/polimi/2024/ai_inertial_steval_mkboxpro/Drivers/BSP/Components/lsm6dsv16x/lsm6dsv16x_reg.c:2491:9:lsm6dsv16x_gy_eis_data_rate_set	24	static
C:/Users/MEMS/OneDrive/polimi/2024/ai_inertial_steval_mkboxpro/Drivers/BSP/Components/lsm6dsv16x/lsm6dsv16x_reg.c:2516:9:lsm6dsv16x_gy_eis_data_rate_get	24	static
C:/Users/MEMS/OneDrive/polimi/2024/ai_inertial_steval_mkboxpro/Drivers/BSP/Components/lsm6dsv16x/lsm6dsv16x_reg.c:2565:9:lsm6dsv16x_fifo_watermark_set	24	static
C:/Users/MEMS/OneDrive/polimi/2024/ai_inertial_steval_mkboxpro/Drivers/BSP/Components/lsm6dsv16x/lsm6dsv16x_reg.c:2589:9:lsm6dsv16x_fifo_watermark_get	24	static
C:/Users/MEMS/OneDrive/polimi/2024/ai_inertial_steval_mkboxpro/Drivers/BSP/Components/lsm6dsv16x/lsm6dsv16x_reg.c:2608:9:lsm6dsv16x_fifo_xl_dual_fsm_batch_set	24	static
C:/Users/MEMS/OneDrive/polimi/2024/ai_inertial_steval_mkboxpro/Drivers/BSP/Components/lsm6dsv16x/lsm6dsv16x_reg.c:2631:9:lsm6dsv16x_fifo_xl_dual_fsm_batch_get	24	static
C:/Users/MEMS/OneDrive/polimi/2024/ai_inertial_steval_mkboxpro/Drivers/BSP/Components/lsm6dsv16x/lsm6dsv16x_reg.c:2651:9:lsm6dsv16x_fifo_compress_algo_set	24	static
C:/Users/MEMS/OneDrive/polimi/2024/ai_inertial_steval_mkboxpro/Drivers/BSP/Components/lsm6dsv16x/lsm6dsv16x_reg.c:2675:9:lsm6dsv16x_fifo_compress_algo_get	24	static
C:/Users/MEMS/OneDrive/polimi/2024/ai_inertial_steval_mkboxpro/Drivers/BSP/Components/lsm6dsv16x/lsm6dsv16x_reg.c:2715:9:lsm6dsv16x_fifo_virtual_sens_odr_chg_set	24	static
C:/Users/MEMS/OneDrive/polimi/2024/ai_inertial_steval_mkboxpro/Drivers/BSP/Components/lsm6dsv16x/lsm6dsv16x_reg.c:2738:9:lsm6dsv16x_fifo_virtual_sens_odr_chg_get	24	static
C:/Users/MEMS/OneDrive/polimi/2024/ai_inertial_steval_mkboxpro/Drivers/BSP/Components/lsm6dsv16x/lsm6dsv16x_reg.c:2758:9:lsm6dsv16x_fifo_compress_algo_real_time_set	32	static
C:/Users/MEMS/OneDrive/polimi/2024/ai_inertial_steval_mkboxpro/Drivers/BSP/Components/lsm6dsv16x/lsm6dsv16x_reg.c:2802:9:lsm6dsv16x_fifo_compress_algo_real_time_get	24	static
C:/Users/MEMS/OneDrive/polimi/2024/ai_inertial_steval_mkboxpro/Drivers/BSP/Components/lsm6dsv16x/lsm6dsv16x_reg.c:2823:9:lsm6dsv16x_fifo_stop_on_wtm_set	24	static
C:/Users/MEMS/OneDrive/polimi/2024/ai_inertial_steval_mkboxpro/Drivers/BSP/Components/lsm6dsv16x/lsm6dsv16x_reg.c:2846:9:lsm6dsv16x_fifo_stop_on_wtm_get	24	static
C:/Users/MEMS/OneDrive/polimi/2024/ai_inertial_steval_mkboxpro/Drivers/BSP/Components/lsm6dsv16x/lsm6dsv16x_reg.c:2865:9:lsm6dsv16x_fifo_xl_batch_set	24	static
C:/Users/MEMS/OneDrive/polimi/2024/ai_inertial_steval_mkboxpro/Drivers/BSP/Components/lsm6dsv16x/lsm6dsv16x_reg.c:2889:9:lsm6dsv16x_fifo_xl_batch_get	24	static
C:/Users/MEMS/OneDrive/polimi/2024/ai_inertial_steval_mkboxpro/Drivers/BSP/Components/lsm6dsv16x/lsm6dsv16x_reg.c:2965:9:lsm6dsv16x_fifo_gy_batch_set	24	static
C:/Users/MEMS/OneDrive/polimi/2024/ai_inertial_steval_mkboxpro/Drivers/BSP/Components/lsm6dsv16x/lsm6dsv16x_reg.c:2989:9:lsm6dsv16x_fifo_gy_batch_get	24	static
C:/Users/MEMS/OneDrive/polimi/2024/ai_inertial_steval_mkboxpro/Drivers/BSP/Components/lsm6dsv16x/lsm6dsv16x_reg.c:3066:9:lsm6dsv16x_fifo_mode_set	24	static
C:/Users/MEMS/OneDrive/polimi/2024/ai_inertial_steval_mkboxpro/Drivers/BSP/Components/lsm6dsv16x/lsm6dsv16x_reg.c:3089:9:lsm6dsv16x_fifo_mode_get	24	static
C:/Users/MEMS/OneDrive/polimi/2024/ai_inertial_steval_mkboxpro/Drivers/BSP/Components/lsm6dsv16x/lsm6dsv16x_reg.c:3140:9:lsm6dsv16x_fifo_gy_eis_batch_set	24	static
C:/Users/MEMS/OneDrive/polimi/2024/ai_inertial_steval_mkboxpro/Drivers/BSP/Components/lsm6dsv16x/lsm6dsv16x_reg.c:3163:9:lsm6dsv16x_fifo_gy_eis_batch_get	24	static
C:/Users/MEMS/OneDrive/polimi/2024/ai_inertial_steval_mkboxpro/Drivers/BSP/Components/lsm6dsv16x/lsm6dsv16x_reg.c:3182:9:lsm6dsv16x_fifo_temp_batch_set	24	static
C:/Users/MEMS/OneDrive/polimi/2024/ai_inertial_steval_mkboxpro/Drivers/BSP/Components/lsm6dsv16x/lsm6dsv16x_reg.c:3206:9:lsm6dsv16x_fifo_temp_batch_get	24	static
C:/Users/MEMS/OneDrive/polimi/2024/ai_inertial_steval_mkboxpro/Drivers/BSP/Components/lsm6dsv16x/lsm6dsv16x_reg.c:3246:9:lsm6dsv16x_fifo_timestamp_batch_set	24	static
C:/Users/MEMS/OneDrive/polimi/2024/ai_inertial_steval_mkboxpro/Drivers/BSP/Components/lsm6dsv16x/lsm6dsv16x_reg.c:3270:9:lsm6dsv16x_fifo_timestamp_batch_get	24	static
C:/Users/MEMS/OneDrive/polimi/2024/ai_inertial_steval_mkboxpro/Drivers/BSP/Components/lsm6dsv16x/lsm6dsv16x_reg.c:3310:9:lsm6dsv16x_fifo_batch_counter_threshold_set	24	static
C:/Users/MEMS/OneDrive/polimi/2024/ai_inertial_steval_mkboxpro/Drivers/BSP/Components/lsm6dsv16x/lsm6dsv16x_reg.c:3331:9:lsm6dsv16x_fifo_batch_counter_threshold_get	24	static
C:/Users/MEMS/OneDrive/polimi/2024/ai_inertial_steval_mkboxpro/Drivers/BSP/Components/lsm6dsv16x/lsm6dsv16x_reg.c:3352:9:lsm6dsv16x_fifo_batch_cnt_event_set	24	static
C:/Users/MEMS/OneDrive/polimi/2024/ai_inertial_steval_mkboxpro/Drivers/BSP/Components/lsm6dsv16x/lsm6dsv16x_reg.c:3376:9:lsm6dsv16x_fifo_batch_cnt_event_get	24	static
C:/Users/MEMS/OneDrive/polimi/2024/ai_inertial_steval_mkboxpro/Drivers/BSP/Components/lsm6dsv16x/lsm6dsv16x_reg.c:3404:9:lsm6dsv16x_fifo_status_get	32	static
C:/Users/MEMS/OneDrive/polimi/2024/ai_inertial_steval_mkboxpro/Drivers/BSP/Components/lsm6dsv16x/lsm6dsv16x_reg.c:3441:9:lsm6dsv16x_fifo_out_raw_get	32	static
C:/Users/MEMS/OneDrive/polimi/2024/ai_inertial_steval_mkboxpro/Drivers/BSP/Components/lsm6dsv16x/lsm6dsv16x_reg.c:3590:9:lsm6dsv16x_fifo_stpcnt_batch_set	24	static
C:/Users/MEMS/OneDrive/polimi/2024/ai_inertial_steval_mkboxpro/Drivers/BSP/Components/lsm6dsv16x/lsm6dsv16x_reg.c:3622:9:lsm6dsv16x_fifo_stpcnt_batch_get	24	static
C:/Users/MEMS/OneDrive/polimi/2024/ai_inertial_steval_mkboxpro/Drivers/BSP/Components/lsm6dsv16x/lsm6dsv16x_reg.c:3651:9:lsm6dsv16x_fifo_mlc_batch_set	24	static
C:/Users/MEMS/OneDrive/polimi/2024/ai_inertial_steval_mkboxpro/Drivers/BSP/Components/lsm6dsv16x/lsm6dsv16x_reg.c:3683:9:lsm6dsv16x_fifo_mlc_batch_get	24	static
C:/Users/MEMS/OneDrive/polimi/2024/ai_inertial_steval_mkboxpro/Drivers/BSP/Components/lsm6dsv16x/lsm6dsv16x_reg.c:3712:9:lsm6dsv16x_fifo_mlc_filt_batch_set	24	static
C:/Users/MEMS/OneDrive/polimi/2024/ai_inertial_steval_mkboxpro/Drivers/BSP/Components/lsm6dsv16x/lsm6dsv16x_reg.c:3744:9:lsm6dsv16x_fifo_mlc_filt_batch_get	24	static
C:/Users/MEMS/OneDrive/polimi/2024/ai_inertial_steval_mkboxpro/Drivers/BSP/Components/lsm6dsv16x/lsm6dsv16x_reg.c:3773:9:lsm6dsv16x_fifo_batch_sh_slave_0_set	24	static
C:/Users/MEMS/OneDrive/polimi/2024/ai_inertial_steval_mkboxpro/Drivers/BSP/Components/lsm6dsv16x/lsm6dsv16x_reg.c:3805:9:lsm6dsv16x_fifo_batch_sh_slave_0_get	24	static
C:/Users/MEMS/OneDrive/polimi/2024/ai_inertial_steval_mkboxpro/Drivers/BSP/Components/lsm6dsv16x/lsm6dsv16x_reg.c:3834:9:lsm6dsv16x_fifo_batch_sh_slave_1_set	24	static
C:/Users/MEMS/OneDrive/polimi/2024/ai_inertial_steval_mkboxpro/Drivers/BSP/Components/lsm6dsv16x/lsm6dsv16x_reg.c:3866:9:lsm6dsv16x_fifo_batch_sh_slave_1_get	24	static
C:/Users/MEMS/OneDrive/polimi/2024/ai_inertial_steval_mkboxpro/Drivers/BSP/Components/lsm6dsv16x/lsm6dsv16x_reg.c:3895:9:lsm6dsv16x_fifo_batch_sh_slave_2_set	24	static
C:/Users/MEMS/OneDrive/polimi/2024/ai_inertial_steval_mkboxpro/Drivers/BSP/Components/lsm6dsv16x/lsm6dsv16x_reg.c:3927:9:lsm6dsv16x_fifo_batch_sh_slave_2_get	24	static
C:/Users/MEMS/OneDrive/polimi/2024/ai_inertial_steval_mkboxpro/Drivers/BSP/Components/lsm6dsv16x/lsm6dsv16x_reg.c:3956:9:lsm6dsv16x_fifo_batch_sh_slave_3_set	24	static
C:/Users/MEMS/OneDrive/polimi/2024/ai_inertial_steval_mkboxpro/Drivers/BSP/Components/lsm6dsv16x/lsm6dsv16x_reg.c:3988:9:lsm6dsv16x_fifo_batch_sh_slave_3_get	24	static
C:/Users/MEMS/OneDrive/polimi/2024/ai_inertial_steval_mkboxpro/Drivers/BSP/Components/lsm6dsv16x/lsm6dsv16x_reg.c:4017:9:lsm6dsv16x_fifo_sflp_batch_set	24	static
C:/Users/MEMS/OneDrive/polimi/2024/ai_inertial_steval_mkboxpro/Drivers/BSP/Components/lsm6dsv16x/lsm6dsv16x_reg.c:4047:9:lsm6dsv16x_fifo_sflp_batch_get	24	static
C:/Users/MEMS/OneDrive/polimi/2024/ai_inertial_steval_mkboxpro/Drivers/BSP/Components/lsm6dsv16x/lsm6dsv16x_reg.c:4089:9:lsm6dsv16x_filt_anti_spike_set	24	static
C:/Users/MEMS/OneDrive/polimi/2024/ai_inertial_steval_mkboxpro/Drivers/BSP/Components/lsm6dsv16x/lsm6dsv16x_reg.c:4114:9:lsm6dsv16x_filt_anti_spike_get	24	static
C:/Users/MEMS/OneDrive/polimi/2024/ai_inertial_steval_mkboxpro/Drivers/BSP/Components/lsm6dsv16x/lsm6dsv16x_reg.c:4146:9:lsm6dsv16x_filt_settling_mask_set	32	static
C:/Users/MEMS/OneDrive/polimi/2024/ai_inertial_steval_mkboxpro/Drivers/BSP/Components/lsm6dsv16x/lsm6dsv16x_reg.c:4197:9:lsm6dsv16x_filt_settling_mask_get	32	static
C:/Users/MEMS/OneDrive/polimi/2024/ai_inertial_steval_mkboxpro/Drivers/BSP/Components/lsm6dsv16x/lsm6dsv16x_reg.c:4230:9:lsm6dsv16x_filt_ois_settling_mask_set	24	static
C:/Users/MEMS/OneDrive/polimi/2024/ai_inertial_steval_mkboxpro/Drivers/BSP/Components/lsm6dsv16x/lsm6dsv16x_reg.c:4255:9:lsm6dsv16x_filt_ois_settling_mask_get	24	static
C:/Users/MEMS/OneDrive/polimi/2024/ai_inertial_steval_mkboxpro/Drivers/BSP/Components/lsm6dsv16x/lsm6dsv16x_reg.c:4276:9:lsm6dsv16x_filt_gy_lp1_bandwidth_set	24	static
C:/Users/MEMS/OneDrive/polimi/2024/ai_inertial_steval_mkboxpro/Drivers/BSP/Components/lsm6dsv16x/lsm6dsv16x_reg.c:4300:9:lsm6dsv16x_filt_gy_lp1_bandwidth_get	24	static
C:/Users/MEMS/OneDrive/polimi/2024/ai_inertial_steval_mkboxpro/Drivers/BSP/Components/lsm6dsv16x/lsm6dsv16x_reg.c:4356:9:lsm6dsv16x_filt_gy_lp1_set	24	static
C:/Users/MEMS/OneDrive/polimi/2024/ai_inertial_steval_mkboxpro/Drivers/BSP/Components/lsm6dsv16x/lsm6dsv16x_reg.c:4380:9:lsm6dsv16x_filt_gy_lp1_get	24	static
C:/Users/MEMS/OneDrive/polimi/2024/ai_inertial_steval_mkboxpro/Drivers/BSP/Components/lsm6dsv16x/lsm6dsv16x_reg.c:4399:9:lsm6dsv16x_filt_xl_lp2_bandwidth_set	24	static
C:/Users/MEMS/OneDrive/polimi/2024/ai_inertial_steval_mkboxpro/Drivers/BSP/Components/lsm6dsv16x/lsm6dsv16x_reg.c:4423:9:lsm6dsv16x_filt_xl_lp2_bandwidth_get	24	static
C:/Users/MEMS/OneDrive/polimi/2024/ai_inertial_steval_mkboxpro/Drivers/BSP/Components/lsm6dsv16x/lsm6dsv16x_reg.c:4479:9:lsm6dsv16x_filt_xl_lp2_set	24	static
C:/Users/MEMS/OneDrive/polimi/2024/ai_inertial_steval_mkboxpro/Drivers/BSP/Components/lsm6dsv16x/lsm6dsv16x_reg.c:4502:9:lsm6dsv16x_filt_xl_lp2_get	24	static
C:/Users/MEMS/OneDrive/polimi/2024/ai_inertial_steval_mkboxpro/Drivers/BSP/Components/lsm6dsv16x/lsm6dsv16x_reg.c:4521:9:lsm6dsv16x_filt_xl_hp_set	24	static
C:/Users/MEMS/OneDrive/polimi/2024/ai_inertial_steval_mkboxpro/Drivers/BSP/Components/lsm6dsv16x/lsm6dsv16x_reg.c:4544:9:lsm6dsv16x_filt_xl_hp_get	24	static
C:/Users/MEMS/OneDrive/polimi/2024/ai_inertial_steval_mkboxpro/Drivers/BSP/Components/lsm6dsv16x/lsm6dsv16x_reg.c:4563:9:lsm6dsv16x_filt_xl_fast_settling_set	24	static
C:/Users/MEMS/OneDrive/polimi/2024/ai_inertial_steval_mkboxpro/Drivers/BSP/Components/lsm6dsv16x/lsm6dsv16x_reg.c:4586:9:lsm6dsv16x_filt_xl_fast_settling_get	24	static
C:/Users/MEMS/OneDrive/polimi/2024/ai_inertial_steval_mkboxpro/Drivers/BSP/Components/lsm6dsv16x/lsm6dsv16x_reg.c:4605:9:lsm6dsv16x_filt_xl_hp_mode_set	24	static
C:/Users/MEMS/OneDrive/polimi/2024/ai_inertial_steval_mkboxpro/Drivers/BSP/Components/lsm6dsv16x/lsm6dsv16x_reg.c:4629:9:lsm6dsv16x_filt_xl_hp_mode_get	24	static
C:/Users/MEMS/OneDrive/polimi/2024/ai_inertial_steval_mkboxpro/Drivers/BSP/Components/lsm6dsv16x/lsm6dsv16x_reg.c:4661:9:lsm6dsv16x_filt_wkup_act_feed_set	32	static
C:/Users/MEMS/OneDrive/polimi/2024/ai_inertial_steval_mkboxpro/Drivers/BSP/Components/lsm6dsv16x/lsm6dsv16x_reg.c:4696:9:lsm6dsv16x_filt_wkup_act_feed_get	32	static
C:/Users/MEMS/OneDrive/polimi/2024/ai_inertial_steval_mkboxpro/Drivers/BSP/Components/lsm6dsv16x/lsm6dsv16x_reg.c:4738:9:lsm6dsv16x_mask_trigger_xl_settl_set	24	static
C:/Users/MEMS/OneDrive/polimi/2024/ai_inertial_steval_mkboxpro/Drivers/BSP/Components/lsm6dsv16x/lsm6dsv16x_reg.c:4762:9:lsm6dsv16x_mask_trigger_xl_settl_get	24	static
C:/Users/MEMS/OneDrive/polimi/2024/ai_inertial_steval_mkboxpro/Drivers/BSP/Components/lsm6dsv16x/lsm6dsv16x_reg.c:4781:9:lsm6dsv16x_filt_sixd_feed_set	24	static
C:/Users/MEMS/OneDrive/polimi/2024/ai_inertial_steval_mkboxpro/Drivers/BSP/Components/lsm6dsv16x/lsm6dsv16x_reg.c:4806:9:lsm6dsv16x_filt_sixd_feed_get	24	static
C:/Users/MEMS/OneDrive/polimi/2024/ai_inertial_steval_mkboxpro/Drivers/BSP/Components/lsm6dsv16x/lsm6dsv16x_reg.c:4839:9:lsm6dsv16x_filt_gy_eis_lp_bandwidth_set	24	static
C:/Users/MEMS/OneDrive/polimi/2024/ai_inertial_steval_mkboxpro/Drivers/BSP/Components/lsm6dsv16x/lsm6dsv16x_reg.c:4864:9:lsm6dsv16x_filt_gy_eis_lp_bandwidth_get	24	static
C:/Users/MEMS/OneDrive/polimi/2024/ai_inertial_steval_mkboxpro/Drivers/BSP/Components/lsm6dsv16x/lsm6dsv16x_reg.c:4897:9:lsm6dsv16x_filt_gy_ois_lp_bandwidth_set	24	static
C:/Users/MEMS/OneDrive/polimi/2024/ai_inertial_steval_mkboxpro/Drivers/BSP/Components/lsm6dsv16x/lsm6dsv16x_reg.c:4922:9:lsm6dsv16x_filt_gy_ois_lp_bandwidth_get	24	static
C:/Users/MEMS/OneDrive/polimi/2024/ai_inertial_steval_mkboxpro/Drivers/BSP/Components/lsm6dsv16x/lsm6dsv16x_reg.c:4964:9:lsm6dsv16x_filt_xl_ois_lp_bandwidth_set	24	static
C:/Users/MEMS/OneDrive/polimi/2024/ai_inertial_steval_mkboxpro/Drivers/BSP/Components/lsm6dsv16x/lsm6dsv16x_reg.c:4989:9:lsm6dsv16x_filt_xl_ois_lp_bandwidth_get	24	static
C:/Users/MEMS/OneDrive/polimi/2024/ai_inertial_steval_mkboxpro/Drivers/BSP/Components/lsm6dsv16x/lsm6dsv16x_reg.c:5059:9:lsm6dsv16x_fsm_permission_set	24	static
C:/Users/MEMS/OneDrive/polimi/2024/ai_inertial_steval_mkboxpro/Drivers/BSP/Components/lsm6dsv16x/lsm6dsv16x_reg.c:5084:9:lsm6dsv16x_fsm_permission_get	24	static
C:/Users/MEMS/OneDrive/polimi/2024/ai_inertial_steval_mkboxpro/Drivers/BSP/Components/lsm6dsv16x/lsm6dsv16x_reg.c:5117:9:lsm6dsv16x_fsm_permission_status	24	static
C:/Users/MEMS/OneDrive/polimi/2024/ai_inertial_steval_mkboxpro/Drivers/BSP/Components/lsm6dsv16x/lsm6dsv16x_reg.c:5137:9:lsm6dsv16x_fsm_mode_set	32	static
C:/Users/MEMS/OneDrive/polimi/2024/ai_inertial_steval_mkboxpro/Drivers/BSP/Components/lsm6dsv16x/lsm6dsv16x_reg.c:5193:9:lsm6dsv16x_fsm_mode_get	24	static
C:/Users/MEMS/OneDrive/polimi/2024/ai_inertial_steval_mkboxpro/Drivers/BSP/Components/lsm6dsv16x/lsm6dsv16x_reg.c:5228:9:lsm6dsv16x_fsm_long_cnt_set	24	static
C:/Users/MEMS/OneDrive/polimi/2024/ai_inertial_steval_mkboxpro/Drivers/BSP/Components/lsm6dsv16x/lsm6dsv16x_reg.c:5253:9:lsm6dsv16x_fsm_long_cnt_get	24	static
C:/Users/MEMS/OneDrive/polimi/2024/ai_inertial_steval_mkboxpro/Drivers/BSP/Components/lsm6dsv16x/lsm6dsv16x_reg.c:5282:9:lsm6dsv16x_fsm_out_get	24	static
C:/Users/MEMS/OneDrive/polimi/2024/ai_inertial_steval_mkboxpro/Drivers/BSP/Components/lsm6dsv16x/lsm6dsv16x_reg.c:5307:9:lsm6dsv16x_fsm_data_rate_set	24	static
C:/Users/MEMS/OneDrive/polimi/2024/ai_inertial_steval_mkboxpro/Drivers/BSP/Components/lsm6dsv16x/lsm6dsv16x_reg.c:5340:9:lsm6dsv16x_fsm_data_rate_get	24	static
C:/Users/MEMS/OneDrive/polimi/2024/ai_inertial_steval_mkboxpro/Drivers/BSP/Components/lsm6dsv16x/lsm6dsv16x_reg.c:5402:17:npy_floatbits_to_halfbits	40	static
C:/Users/MEMS/OneDrive/polimi/2024/ai_inertial_steval_mkboxpro/Drivers/BSP/Components/lsm6dsv16x/lsm6dsv16x_reg.c:5540:17:npy_float_to_half	24	static
C:/Users/MEMS/OneDrive/polimi/2024/ai_inertial_steval_mkboxpro/Drivers/BSP/Components/lsm6dsv16x/lsm6dsv16x_reg.c:5561:9:lsm6dsv16x_sflp_game_gbias_set	80	static
C:/Users/MEMS/OneDrive/polimi/2024/ai_inertial_steval_mkboxpro/Drivers/BSP/Components/lsm6dsv16x/lsm6dsv16x_reg.c:5722:9:lsm6dsv16x_fsm_ext_sens_sensitivity_set	24	static
C:/Users/MEMS/OneDrive/polimi/2024/ai_inertial_steval_mkboxpro/Drivers/BSP/Components/lsm6dsv16x/lsm6dsv16x_reg.c:5742:9:lsm6dsv16x_fsm_ext_sens_sensitivity_get	24	static
C:/Users/MEMS/OneDrive/polimi/2024/ai_inertial_steval_mkboxpro/Drivers/BSP/Components/lsm6dsv16x/lsm6dsv16x_reg.c:5763:9:lsm6dsv16x_fsm_ext_sens_offset_set	40	static
C:/Users/MEMS/OneDrive/polimi/2024/ai_inertial_steval_mkboxpro/Drivers/BSP/Components/lsm6dsv16x/lsm6dsv16x_reg.c:5788:9:lsm6dsv16x_fsm_ext_sens_offset_get	32	static
C:/Users/MEMS/OneDrive/polimi/2024/ai_inertial_steval_mkboxpro/Drivers/BSP/Components/lsm6dsv16x/lsm6dsv16x_reg.c:5814:9:lsm6dsv16x_fsm_ext_sens_matrix_set	40	static
C:/Users/MEMS/OneDrive/polimi/2024/ai_inertial_steval_mkboxpro/Drivers/BSP/Components/lsm6dsv16x/lsm6dsv16x_reg.c:5845:9:lsm6dsv16x_fsm_ext_sens_matrix_get	32	static
C:/Users/MEMS/OneDrive/polimi/2024/ai_inertial_steval_mkboxpro/Drivers/BSP/Components/lsm6dsv16x/lsm6dsv16x_reg.c:5877:9:lsm6dsv16x_fsm_ext_sens_z_orient_set	24	static
C:/Users/MEMS/OneDrive/polimi/2024/ai_inertial_steval_mkboxpro/Drivers/BSP/Components/lsm6dsv16x/lsm6dsv16x_reg.c:5901:9:lsm6dsv16x_fsm_ext_sens_z_orient_get	24	static
C:/Users/MEMS/OneDrive/polimi/2024/ai_inertial_steval_mkboxpro/Drivers/BSP/Components/lsm6dsv16x/lsm6dsv16x_reg.c:5949:9:lsm6dsv16x_fsm_ext_sens_y_orient_set	24	static
C:/Users/MEMS/OneDrive/polimi/2024/ai_inertial_steval_mkboxpro/Drivers/BSP/Components/lsm6dsv16x/lsm6dsv16x_reg.c:5973:9:lsm6dsv16x_fsm_ext_sens_y_orient_get	24	static
C:/Users/MEMS/OneDrive/polimi/2024/ai_inertial_steval_mkboxpro/Drivers/BSP/Components/lsm6dsv16x/lsm6dsv16x_reg.c:6021:9:lsm6dsv16x_fsm_ext_sens_x_orient_set	24	static
C:/Users/MEMS/OneDrive/polimi/2024/ai_inertial_steval_mkboxpro/Drivers/BSP/Components/lsm6dsv16x/lsm6dsv16x_reg.c:6045:9:lsm6dsv16x_fsm_ext_sens_x_orient_get	24	static
C:/Users/MEMS/OneDrive/polimi/2024/ai_inertial_steval_mkboxpro/Drivers/BSP/Components/lsm6dsv16x/lsm6dsv16x_reg.c:6093:9:lsm6dsv16x_fsm_long_cnt_timeout_set	24	static
C:/Users/MEMS/OneDrive/polimi/2024/ai_inertial_steval_mkboxpro/Drivers/BSP/Components/lsm6dsv16x/lsm6dsv16x_reg.c:6113:9:lsm6dsv16x_fsm_long_cnt_timeout_get	24	static
C:/Users/MEMS/OneDrive/polimi/2024/ai_inertial_steval_mkboxpro/Drivers/BSP/Components/lsm6dsv16x/lsm6dsv16x_reg.c:6133:9:lsm6dsv16x_fsm_number_of_programs_set	24	static
C:/Users/MEMS/OneDrive/polimi/2024/ai_inertial_steval_mkboxpro/Drivers/BSP/Components/lsm6dsv16x/lsm6dsv16x_reg.c:6156:9:lsm6dsv16x_fsm_number_of_programs_get	24	static
C:/Users/MEMS/OneDrive/polimi/2024/ai_inertial_steval_mkboxpro/Drivers/BSP/Components/lsm6dsv16x/lsm6dsv16x_reg.c:6175:9:lsm6dsv16x_fsm_start_address_set	24	static
C:/Users/MEMS/OneDrive/polimi/2024/ai_inertial_steval_mkboxpro/Drivers/BSP/Components/lsm6dsv16x/lsm6dsv16x_reg.c:6195:9:lsm6dsv16x_fsm_start_address_get	24	static
C:/Users/MEMS/OneDrive/polimi/2024/ai_inertial_steval_mkboxpro/Drivers/BSP/Components/lsm6dsv16x/lsm6dsv16x_reg.c:6228:9:lsm6dsv16x_ff_time_windows_set	32	static
C:/Users/MEMS/OneDrive/polimi/2024/ai_inertial_steval_mkboxpro/Drivers/BSP/Components/lsm6dsv16x/lsm6dsv16x_reg.c:6262:9:lsm6dsv16x_ff_time_windows_get	32	static
C:/Users/MEMS/OneDrive/polimi/2024/ai_inertial_steval_mkboxpro/Drivers/BSP/Components/lsm6dsv16x/lsm6dsv16x_reg.c:6287:9:lsm6dsv16x_ff_thresholds_set	24	static
C:/Users/MEMS/OneDrive/polimi/2024/ai_inertial_steval_mkboxpro/Drivers/BSP/Components/lsm6dsv16x/lsm6dsv16x_reg.c:6311:9:lsm6dsv16x_ff_thresholds_get	24	static
C:/Users/MEMS/OneDrive/polimi/2024/ai_inertial_steval_mkboxpro/Drivers/BSP/Components/lsm6dsv16x/lsm6dsv16x_reg.c:6380:9:lsm6dsv16x_mlc_mode_set	32	static
C:/Users/MEMS/OneDrive/polimi/2024/ai_inertial_steval_mkboxpro/Drivers/BSP/Components/lsm6dsv16x/lsm6dsv16x_reg.c:6422:9:lsm6dsv16x_mlc_mode_get	32	static
C:/Users/MEMS/OneDrive/polimi/2024/ai_inertial_steval_mkboxpro/Drivers/BSP/Components/lsm6dsv16x/lsm6dsv16x_reg.c:6471:9:lsm6dsv16x_mlc_data_rate_set	24	static
C:/Users/MEMS/OneDrive/polimi/2024/ai_inertial_steval_mkboxpro/Drivers/BSP/Components/lsm6dsv16x/lsm6dsv16x_reg.c:6504:9:lsm6dsv16x_mlc_data_rate_get	24	static
C:/Users/MEMS/OneDrive/polimi/2024/ai_inertial_steval_mkboxpro/Drivers/BSP/Components/lsm6dsv16x/lsm6dsv16x_reg.c:6565:9:lsm6dsv16x_mlc_out_get	24	static
C:/Users/MEMS/OneDrive/polimi/2024/ai_inertial_steval_mkboxpro/Drivers/BSP/Components/lsm6dsv16x/lsm6dsv16x_reg.c:6589:9:lsm6dsv16x_mlc_ext_sens_sensitivity_set	24	static
C:/Users/MEMS/OneDrive/polimi/2024/ai_inertial_steval_mkboxpro/Drivers/BSP/Components/lsm6dsv16x/lsm6dsv16x_reg.c:6610:9:lsm6dsv16x_mlc_ext_sens_sensitivity_get	24	static
C:/Users/MEMS/OneDrive/polimi/2024/ai_inertial_steval_mkboxpro/Drivers/BSP/Components/lsm6dsv16x/lsm6dsv16x_reg.c:6644:9:lsm6dsv16x_ois_ctrl_mode_set	24	static
C:/Users/MEMS/OneDrive/polimi/2024/ai_inertial_steval_mkboxpro/Drivers/BSP/Components/lsm6dsv16x/lsm6dsv16x_reg.c:6668:9:lsm6dsv16x_ois_ctrl_mode_get	24	static
C:/Users/MEMS/OneDrive/polimi/2024/ai_inertial_steval_mkboxpro/Drivers/BSP/Components/lsm6dsv16x/lsm6dsv16x_reg.c:6700:9:lsm6dsv16x_ois_reset_set	24	static
C:/Users/MEMS/OneDrive/polimi/2024/ai_inertial_steval_mkboxpro/Drivers/BSP/Components/lsm6dsv16x/lsm6dsv16x_reg.c:6723:9:lsm6dsv16x_ois_reset_get	24	static
C:/Users/MEMS/OneDrive/polimi/2024/ai_inertial_steval_mkboxpro/Drivers/BSP/Components/lsm6dsv16x/lsm6dsv16x_reg.c:6742:9:lsm6dsv16x_ois_interface_pull_up_set	24	static
C:/Users/MEMS/OneDrive/polimi/2024/ai_inertial_steval_mkboxpro/Drivers/BSP/Components/lsm6dsv16x/lsm6dsv16x_reg.c:6765:9:lsm6dsv16x_ois_interface_pull_up_get	24	static
C:/Users/MEMS/OneDrive/polimi/2024/ai_inertial_steval_mkboxpro/Drivers/BSP/Components/lsm6dsv16x/lsm6dsv16x_reg.c:6784:9:lsm6dsv16x_ois_handshake_from_ui_set	24	static
C:/Users/MEMS/OneDrive/polimi/2024/ai_inertial_steval_mkboxpro/Drivers/BSP/Components/lsm6dsv16x/lsm6dsv16x_reg.c:6809:9:lsm6dsv16x_ois_handshake_from_ui_get	24	static
C:/Users/MEMS/OneDrive/polimi/2024/ai_inertial_steval_mkboxpro/Drivers/BSP/Components/lsm6dsv16x/lsm6dsv16x_reg.c:6830:9:lsm6dsv16x_ois_handshake_from_ois_set	24	static
C:/Users/MEMS/OneDrive/polimi/2024/ai_inertial_steval_mkboxpro/Drivers/BSP/Components/lsm6dsv16x/lsm6dsv16x_reg.c:6855:9:lsm6dsv16x_ois_handshake_from_ois_get	24	static
C:/Users/MEMS/OneDrive/polimi/2024/ai_inertial_steval_mkboxpro/Drivers/BSP/Components/lsm6dsv16x/lsm6dsv16x_reg.c:6876:9:lsm6dsv16x_ois_shared_set	24	static
C:/Users/MEMS/OneDrive/polimi/2024/ai_inertial_steval_mkboxpro/Drivers/BSP/Components/lsm6dsv16x/lsm6dsv16x_reg.c:6893:9:lsm6dsv16x_ois_shared_get	24	static
C:/Users/MEMS/OneDrive/polimi/2024/ai_inertial_steval_mkboxpro/Drivers/BSP/Components/lsm6dsv16x/lsm6dsv16x_reg.c:6910:9:lsm6dsv16x_ois_on_spi2_set	24	static
C:/Users/MEMS/OneDrive/polimi/2024/ai_inertial_steval_mkboxpro/Drivers/BSP/Components/lsm6dsv16x/lsm6dsv16x_reg.c:6933:9:lsm6dsv16x_ois_on_spi2_get	24	static
C:/Users/MEMS/OneDrive/polimi/2024/ai_inertial_steval_mkboxpro/Drivers/BSP/Components/lsm6dsv16x/lsm6dsv16x_reg.c:6952:9:lsm6dsv16x_ois_chain_set	24	static
C:/Users/MEMS/OneDrive/polimi/2024/ai_inertial_steval_mkboxpro/Drivers/BSP/Components/lsm6dsv16x/lsm6dsv16x_reg.c:6976:9:lsm6dsv16x_ois_chain_get	24	static
C:/Users/MEMS/OneDrive/polimi/2024/ai_inertial_steval_mkboxpro/Drivers/BSP/Components/lsm6dsv16x/lsm6dsv16x_reg.c:6996:9:lsm6dsv16x_ois_gy_full_scale_set	24	static
C:/Users/MEMS/OneDrive/polimi/2024/ai_inertial_steval_mkboxpro/Drivers/BSP/Components/lsm6dsv16x/lsm6dsv16x_reg.c:7020:9:lsm6dsv16x_ois_gy_full_scale_get	24	static
C:/Users/MEMS/OneDrive/polimi/2024/ai_inertial_steval_mkboxpro/Drivers/BSP/Components/lsm6dsv16x/lsm6dsv16x_reg.c:7064:9:lsm6dsv16x_ois_xl_full_scale_set	24	static
C:/Users/MEMS/OneDrive/polimi/2024/ai_inertial_steval_mkboxpro/Drivers/BSP/Components/lsm6dsv16x/lsm6dsv16x_reg.c:7088:9:lsm6dsv16x_ois_xl_full_scale_get	24	static
C:/Users/MEMS/OneDrive/polimi/2024/ai_inertial_steval_mkboxpro/Drivers/BSP/Components/lsm6dsv16x/lsm6dsv16x_reg.c:7141:9:lsm6dsv16x_6d_threshold_set	24	static
C:/Users/MEMS/OneDrive/polimi/2024/ai_inertial_steval_mkboxpro/Drivers/BSP/Components/lsm6dsv16x/lsm6dsv16x_reg.c:7165:9:lsm6dsv16x_6d_threshold_get	24	static
C:/Users/MEMS/OneDrive/polimi/2024/ai_inertial_steval_mkboxpro/Drivers/BSP/Components/lsm6dsv16x/lsm6dsv16x_reg.c:7205:9:lsm6dsv16x_4d_mode_set	24	static
C:/Users/MEMS/OneDrive/polimi/2024/ai_inertial_steval_mkboxpro/Drivers/BSP/Components/lsm6dsv16x/lsm6dsv16x_reg.c:7228:9:lsm6dsv16x_4d_mode_get	24	static
C:/Users/MEMS/OneDrive/polimi/2024/ai_inertial_steval_mkboxpro/Drivers/BSP/Components/lsm6dsv16x/lsm6dsv16x_reg.c:7260:9:lsm6dsv16x_ah_qvar_zin_set	24	static
C:/Users/MEMS/OneDrive/polimi/2024/ai_inertial_steval_mkboxpro/Drivers/BSP/Components/lsm6dsv16x/lsm6dsv16x_reg.c:7284:9:lsm6dsv16x_ah_qvar_zin_get	24	static
C:/Users/MEMS/OneDrive/polimi/2024/ai_inertial_steval_mkboxpro/Drivers/BSP/Components/lsm6dsv16x/lsm6dsv16x_reg.c:7324:9:lsm6dsv16x_ah_qvar_mode_set	24	static
C:/Users/MEMS/OneDrive/polimi/2024/ai_inertial_steval_mkboxpro/Drivers/BSP/Components/lsm6dsv16x/lsm6dsv16x_reg.c:7348:9:lsm6dsv16x_ah_qvar_mode_get	24	static
C:/Users/MEMS/OneDrive/polimi/2024/ai_inertial_steval_mkboxpro/Drivers/BSP/Components/lsm6dsv16x/lsm6dsv16x_reg.c:7381:9:lsm6dsv16x_i3c_reset_mode_set	24	static
C:/Users/MEMS/OneDrive/polimi/2024/ai_inertial_steval_mkboxpro/Drivers/BSP/Components/lsm6dsv16x/lsm6dsv16x_reg.c:7405:9:lsm6dsv16x_i3c_reset_mode_get	24	static
C:/Users/MEMS/OneDrive/polimi/2024/ai_inertial_steval_mkboxpro/Drivers/BSP/Components/lsm6dsv16x/lsm6dsv16x_reg.c:7437:9:lsm6dsv16x_i3c_ibi_time_set	24	static
C:/Users/MEMS/OneDrive/polimi/2024/ai_inertial_steval_mkboxpro/Drivers/BSP/Components/lsm6dsv16x/lsm6dsv16x_reg.c:7461:9:lsm6dsv16x_i3c_ibi_time_get	24	static
C:/Users/MEMS/OneDrive/polimi/2024/ai_inertial_steval_mkboxpro/Drivers/BSP/Components/lsm6dsv16x/lsm6dsv16x_reg.c:7514:9:lsm6dsv16x_sh_master_interface_pull_up_set	24	static
C:/Users/MEMS/OneDrive/polimi/2024/ai_inertial_steval_mkboxpro/Drivers/BSP/Components/lsm6dsv16x/lsm6dsv16x_reg.c:7538:9:lsm6dsv16x_sh_master_interface_pull_up_get	24	static
C:/Users/MEMS/OneDrive/polimi/2024/ai_inertial_steval_mkboxpro/Drivers/BSP/Components/lsm6dsv16x/lsm6dsv16x_reg.c:7558:9:lsm6dsv16x_sh_read_data_raw_get	32	static
C:/Users/MEMS/OneDrive/polimi/2024/ai_inertial_steval_mkboxpro/Drivers/BSP/Components/lsm6dsv16x/lsm6dsv16x_reg.c:7587:9:lsm6dsv16x_sh_slave_connected_set	24	static
C:/Users/MEMS/OneDrive/polimi/2024/ai_inertial_steval_mkboxpro/Drivers/BSP/Components/lsm6dsv16x/lsm6dsv16x_reg.c:7620:9:lsm6dsv16x_sh_slave_connected_get	24	static
C:/Users/MEMS/OneDrive/polimi/2024/ai_inertial_steval_mkboxpro/Drivers/BSP/Components/lsm6dsv16x/lsm6dsv16x_reg.c:7669:9:lsm6dsv16x_sh_master_set	24	static
C:/Users/MEMS/OneDrive/polimi/2024/ai_inertial_steval_mkboxpro/Drivers/BSP/Components/lsm6dsv16x/lsm6dsv16x_reg.c:7701:9:lsm6dsv16x_sh_master_get	24	static
C:/Users/MEMS/OneDrive/polimi/2024/ai_inertial_steval_mkboxpro/Drivers/BSP/Components/lsm6dsv16x/lsm6dsv16x_reg.c:7730:9:lsm6dsv16x_sh_pass_through_set	24	static
C:/Users/MEMS/OneDrive/polimi/2024/ai_inertial_steval_mkboxpro/Drivers/BSP/Components/lsm6dsv16x/lsm6dsv16x_reg.c:7762:9:lsm6dsv16x_sh_pass_through_get	24	static
C:/Users/MEMS/OneDrive/polimi/2024/ai_inertial_steval_mkboxpro/Drivers/BSP/Components/lsm6dsv16x/lsm6dsv16x_reg.c:7791:9:lsm6dsv16x_sh_syncro_mode_set	24	static
C:/Users/MEMS/OneDrive/polimi/2024/ai_inertial_steval_mkboxpro/Drivers/BSP/Components/lsm6dsv16x/lsm6dsv16x_reg.c:7824:9:lsm6dsv16x_sh_syncro_mode_get	24	static
C:/Users/MEMS/OneDrive/polimi/2024/ai_inertial_steval_mkboxpro/Drivers/BSP/Components/lsm6dsv16x/lsm6dsv16x_reg.c:7865:9:lsm6dsv16x_sh_write_mode_set	24	static
C:/Users/MEMS/OneDrive/polimi/2024/ai_inertial_steval_mkboxpro/Drivers/BSP/Components/lsm6dsv16x/lsm6dsv16x_reg.c:7898:9:lsm6dsv16x_sh_write_mode_get	24	static
C:/Users/MEMS/OneDrive/polimi/2024/ai_inertial_steval_mkboxpro/Drivers/BSP/Components/lsm6dsv16x/lsm6dsv16x_reg.c:7940:9:lsm6dsv16x_sh_reset_set	24	static
C:/Users/MEMS/OneDrive/polimi/2024/ai_inertial_steval_mkboxpro/Drivers/BSP/Components/lsm6dsv16x/lsm6dsv16x_reg.c:7972:9:lsm6dsv16x_sh_reset_get	24	static
C:/Users/MEMS/OneDrive/polimi/2024/ai_inertial_steval_mkboxpro/Drivers/BSP/Components/lsm6dsv16x/lsm6dsv16x_reg.c:8004:9:lsm6dsv16x_sh_cfg_write	24	static
C:/Users/MEMS/OneDrive/polimi/2024/ai_inertial_steval_mkboxpro/Drivers/BSP/Components/lsm6dsv16x/lsm6dsv16x_reg.c:8046:9:lsm6dsv16x_sh_data_rate_set	24	static
C:/Users/MEMS/OneDrive/polimi/2024/ai_inertial_steval_mkboxpro/Drivers/BSP/Components/lsm6dsv16x/lsm6dsv16x_reg.c:8079:9:lsm6dsv16x_sh_data_rate_get	24	static
C:/Users/MEMS/OneDrive/polimi/2024/ai_inertial_steval_mkboxpro/Drivers/BSP/Components/lsm6dsv16x/lsm6dsv16x_reg.c:8139:9:lsm6dsv16x_sh_slv0_cfg_read	32	static
C:/Users/MEMS/OneDrive/polimi/2024/ai_inertial_steval_mkboxpro/Drivers/BSP/Components/lsm6dsv16x/lsm6dsv16x_reg.c:8193:9:lsm6dsv16x_sh_slv1_cfg_read	32	static
C:/Users/MEMS/OneDrive/polimi/2024/ai_inertial_steval_mkboxpro/Drivers/BSP/Components/lsm6dsv16x/lsm6dsv16x_reg.c:8247:9:lsm6dsv16x_sh_slv2_cfg_read	32	static
C:/Users/MEMS/OneDrive/polimi/2024/ai_inertial_steval_mkboxpro/Drivers/BSP/Components/lsm6dsv16x/lsm6dsv16x_reg.c:8301:9:lsm6dsv16x_sh_slv3_cfg_read	32	static
C:/Users/MEMS/OneDrive/polimi/2024/ai_inertial_steval_mkboxpro/Drivers/BSP/Components/lsm6dsv16x/lsm6dsv16x_reg.c:8365:9:lsm6dsv16x_ui_sdo_pull_up_set	24	static
C:/Users/MEMS/OneDrive/polimi/2024/ai_inertial_steval_mkboxpro/Drivers/BSP/Components/lsm6dsv16x/lsm6dsv16x_reg.c:8388:9:lsm6dsv16x_ui_sdo_pull_up_get	24	static
C:/Users/MEMS/OneDrive/polimi/2024/ai_inertial_steval_mkboxpro/Drivers/BSP/Components/lsm6dsv16x/lsm6dsv16x_reg.c:8407:9:lsm6dsv16x_ui_i2c_i3c_mode_set	24	static
C:/Users/MEMS/OneDrive/polimi/2024/ai_inertial_steval_mkboxpro/Drivers/BSP/Components/lsm6dsv16x/lsm6dsv16x_reg.c:8431:9:lsm6dsv16x_ui_i2c_i3c_mode_get	24	static
C:/Users/MEMS/OneDrive/polimi/2024/ai_inertial_steval_mkboxpro/Drivers/BSP/Components/lsm6dsv16x/lsm6dsv16x_reg.c:8463:9:lsm6dsv16x_spi_mode_set	24	static
C:/Users/MEMS/OneDrive/polimi/2024/ai_inertial_steval_mkboxpro/Drivers/BSP/Components/lsm6dsv16x/lsm6dsv16x_reg.c:8486:9:lsm6dsv16x_spi_mode_get	24	static
C:/Users/MEMS/OneDrive/polimi/2024/ai_inertial_steval_mkboxpro/Drivers/BSP/Components/lsm6dsv16x/lsm6dsv16x_reg.c:8517:9:lsm6dsv16x_ui_sda_pull_up_set	24	static
C:/Users/MEMS/OneDrive/polimi/2024/ai_inertial_steval_mkboxpro/Drivers/BSP/Components/lsm6dsv16x/lsm6dsv16x_reg.c:8540:9:lsm6dsv16x_ui_sda_pull_up_get	24	static
C:/Users/MEMS/OneDrive/polimi/2024/ai_inertial_steval_mkboxpro/Drivers/BSP/Components/lsm6dsv16x/lsm6dsv16x_reg.c:8559:9:lsm6dsv16x_spi2_mode_set	24	static
C:/Users/MEMS/OneDrive/polimi/2024/ai_inertial_steval_mkboxpro/Drivers/BSP/Components/lsm6dsv16x/lsm6dsv16x_reg.c:8582:9:lsm6dsv16x_spi2_mode_get	24	static
C:/Users/MEMS/OneDrive/polimi/2024/ai_inertial_steval_mkboxpro/Drivers/BSP/Components/lsm6dsv16x/lsm6dsv16x_reg.c:8627:9:lsm6dsv16x_sigmot_mode_set	24	static
C:/Users/MEMS/OneDrive/polimi/2024/ai_inertial_steval_mkboxpro/Drivers/BSP/Components/lsm6dsv16x/lsm6dsv16x_reg.c:8659:9:lsm6dsv16x_sigmot_mode_get	24	static
C:/Users/MEMS/OneDrive/polimi/2024/ai_inertial_steval_mkboxpro/Drivers/BSP/Components/lsm6dsv16x/lsm6dsv16x_reg.c:8699:9:lsm6dsv16x_stpcnt_mode_set	32	static
C:/Users/MEMS/OneDrive/polimi/2024/ai_inertial_steval_mkboxpro/Drivers/BSP/Components/lsm6dsv16x/lsm6dsv16x_reg.c:8753:9:lsm6dsv16x_stpcnt_mode_get	32	static
C:/Users/MEMS/OneDrive/polimi/2024/ai_inertial_steval_mkboxpro/Drivers/BSP/Components/lsm6dsv16x/lsm6dsv16x_reg.c:8788:9:lsm6dsv16x_stpcnt_steps_get	24	static
C:/Users/MEMS/OneDrive/polimi/2024/ai_inertial_steval_mkboxpro/Drivers/BSP/Components/lsm6dsv16x/lsm6dsv16x_reg.c:8816:9:lsm6dsv16x_stpcnt_rst_step_set	24	static
C:/Users/MEMS/OneDrive/polimi/2024/ai_inertial_steval_mkboxpro/Drivers/BSP/Components/lsm6dsv16x/lsm6dsv16x_reg.c:8848:9:lsm6dsv16x_stpcnt_rst_step_get	24	static
C:/Users/MEMS/OneDrive/polimi/2024/ai_inertial_steval_mkboxpro/Drivers/BSP/Components/lsm6dsv16x/lsm6dsv16x_reg.c:8877:9:lsm6dsv16x_stpcnt_debounce_set	24	static
C:/Users/MEMS/OneDrive/polimi/2024/ai_inertial_steval_mkboxpro/Drivers/BSP/Components/lsm6dsv16x/lsm6dsv16x_reg.c:8900:9:lsm6dsv16x_stpcnt_debounce_get	24	static
C:/Users/MEMS/OneDrive/polimi/2024/ai_inertial_steval_mkboxpro/Drivers/BSP/Components/lsm6dsv16x/lsm6dsv16x_reg.c:8919:9:lsm6dsv16x_stpcnt_period_set	24	static
C:/Users/MEMS/OneDrive/polimi/2024/ai_inertial_steval_mkboxpro/Drivers/BSP/Components/lsm6dsv16x/lsm6dsv16x_reg.c:8939:9:lsm6dsv16x_stpcnt_period_get	24	static
C:/Users/MEMS/OneDrive/polimi/2024/ai_inertial_steval_mkboxpro/Drivers/BSP/Components/lsm6dsv16x/lsm6dsv16x_reg.c:8971:9:lsm6dsv16x_sflp_game_rotation_set	24	static
C:/Users/MEMS/OneDrive/polimi/2024/ai_inertial_steval_mkboxpro/Drivers/BSP/Components/lsm6dsv16x/lsm6dsv16x_reg.c:8998:9:lsm6dsv16x_sflp_game_rotation_get	24	static
C:/Users/MEMS/OneDrive/polimi/2024/ai_inertial_steval_mkboxpro/Drivers/BSP/Components/lsm6dsv16x/lsm6dsv16x_reg.c:9023:9:lsm6dsv16x_sflp_data_rate_set	24	static
C:/Users/MEMS/OneDrive/polimi/2024/ai_inertial_steval_mkboxpro/Drivers/BSP/Components/lsm6dsv16x/lsm6dsv16x_reg.c:9050:9:lsm6dsv16x_sflp_data_rate_get	24	static
C:/Users/MEMS/OneDrive/polimi/2024/ai_inertial_steval_mkboxpro/Drivers/BSP/Components/lsm6dsv16x/lsm6dsv16x_reg.c:9114:9:lsm6dsv16x_tap_detection_set	24	static
C:/Users/MEMS/OneDrive/polimi/2024/ai_inertial_steval_mkboxpro/Drivers/BSP/Components/lsm6dsv16x/lsm6dsv16x_reg.c:9140:9:lsm6dsv16x_tap_detection_get	24	static
C:/Users/MEMS/OneDrive/polimi/2024/ai_inertial_steval_mkboxpro/Drivers/BSP/Components/lsm6dsv16x/lsm6dsv16x_reg.c:9162:9:lsm6dsv16x_tap_thresholds_set	32	static
C:/Users/MEMS/OneDrive/polimi/2024/ai_inertial_steval_mkboxpro/Drivers/BSP/Components/lsm6dsv16x/lsm6dsv16x_reg.c:9208:9:lsm6dsv16x_tap_thresholds_get	32	static
C:/Users/MEMS/OneDrive/polimi/2024/ai_inertial_steval_mkboxpro/Drivers/BSP/Components/lsm6dsv16x/lsm6dsv16x_reg.c:9241:9:lsm6dsv16x_tap_axis_priority_set	24	static
C:/Users/MEMS/OneDrive/polimi/2024/ai_inertial_steval_mkboxpro/Drivers/BSP/Components/lsm6dsv16x/lsm6dsv16x_reg.c:9265:9:lsm6dsv16x_tap_axis_priority_get	24	static
C:/Users/MEMS/OneDrive/polimi/2024/ai_inertial_steval_mkboxpro/Drivers/BSP/Components/lsm6dsv16x/lsm6dsv16x_reg.c:9313:9:lsm6dsv16x_tap_time_windows_set	24	static
C:/Users/MEMS/OneDrive/polimi/2024/ai_inertial_steval_mkboxpro/Drivers/BSP/Components/lsm6dsv16x/lsm6dsv16x_reg.c:9339:9:lsm6dsv16x_tap_time_windows_get	24	static
C:/Users/MEMS/OneDrive/polimi/2024/ai_inertial_steval_mkboxpro/Drivers/BSP/Components/lsm6dsv16x/lsm6dsv16x_reg.c:9361:9:lsm6dsv16x_tap_mode_set	24	static
C:/Users/MEMS/OneDrive/polimi/2024/ai_inertial_steval_mkboxpro/Drivers/BSP/Components/lsm6dsv16x/lsm6dsv16x_reg.c:9384:9:lsm6dsv16x_tap_mode_get	24	static
C:/Users/MEMS/OneDrive/polimi/2024/ai_inertial_steval_mkboxpro/Drivers/BSP/Components/lsm6dsv16x/lsm6dsv16x_reg.c:9428:9:lsm6dsv16x_tilt_mode_set	24	static
C:/Users/MEMS/OneDrive/polimi/2024/ai_inertial_steval_mkboxpro/Drivers/BSP/Components/lsm6dsv16x/lsm6dsv16x_reg.c:9459:9:lsm6dsv16x_tilt_mode_get	24	static
C:/Users/MEMS/OneDrive/polimi/2024/ai_inertial_steval_mkboxpro/Drivers/BSP/Components/lsm6dsv16x/lsm6dsv16x_reg.c:9500:9:lsm6dsv16x_timestamp_raw_get	24	static
C:/Users/MEMS/OneDrive/polimi/2024/ai_inertial_steval_mkboxpro/Drivers/BSP/Components/lsm6dsv16x/lsm6dsv16x_reg.c:9522:9:lsm6dsv16x_timestamp_set	24	static
C:/Users/MEMS/OneDrive/polimi/2024/ai_inertial_steval_mkboxpro/Drivers/BSP/Components/lsm6dsv16x/lsm6dsv16x_reg.c:9545:9:lsm6dsv16x_timestamp_get	24	static
C:/Users/MEMS/OneDrive/polimi/2024/ai_inertial_steval_mkboxpro/Drivers/BSP/Components/lsm6dsv16x/lsm6dsv16x_reg.c:9577:9:lsm6dsv16x_act_mode_set	24	static
C:/Users/MEMS/OneDrive/polimi/2024/ai_inertial_steval_mkboxpro/Drivers/BSP/Components/lsm6dsv16x/lsm6dsv16x_reg.c:9600:9:lsm6dsv16x_act_mode_get	24	static
C:/Users/MEMS/OneDrive/polimi/2024/ai_inertial_steval_mkboxpro/Drivers/BSP/Components/lsm6dsv16x/lsm6dsv16x_reg.c:9639:9:lsm6dsv16x_act_from_sleep_to_act_dur_set	24	static
C:/Users/MEMS/OneDrive/polimi/2024/ai_inertial_steval_mkboxpro/Drivers/BSP/Components/lsm6dsv16x/lsm6dsv16x_reg.c:9663:9:lsm6dsv16x_act_from_sleep_to_act_dur_get	24	static
C:/Users/MEMS/OneDrive/polimi/2024/ai_inertial_steval_mkboxpro/Drivers/BSP/Components/lsm6dsv16x/lsm6dsv16x_reg.c:9703:9:lsm6dsv16x_act_sleep_xl_odr_set	24	static
C:/Users/MEMS/OneDrive/polimi/2024/ai_inertial_steval_mkboxpro/Drivers/BSP/Components/lsm6dsv16x/lsm6dsv16x_reg.c:9727:9:lsm6dsv16x_act_sleep_xl_odr_get	24	static
C:/Users/MEMS/OneDrive/polimi/2024/ai_inertial_steval_mkboxpro/Drivers/BSP/Components/lsm6dsv16x/lsm6dsv16x_reg.c:9767:9:lsm6dsv16x_act_thresholds_set	48	static
C:/Users/MEMS/OneDrive/polimi/2024/ai_inertial_steval_mkboxpro/Drivers/BSP/Components/lsm6dsv16x/lsm6dsv16x_reg.c:9886:9:lsm6dsv16x_act_thresholds_get	40	static
C:/Users/MEMS/OneDrive/polimi/2024/ai_inertial_steval_mkboxpro/Drivers/BSP/Components/lsm6dsv16x/lsm6dsv16x_reg.c:9967:9:lsm6dsv16x_act_wkup_time_windows_set	24	static
C:/Users/MEMS/OneDrive/polimi/2024/ai_inertial_steval_mkboxpro/Drivers/BSP/Components/lsm6dsv16x/lsm6dsv16x_reg.c:9992:9:lsm6dsv16x_act_wkup_time_windows_get	24	static
