C:/Users/MEMS/OneDrive/polimi/2024/ai_inertial_steval_mkboxpro/USB_Device/Target/usbd_conf.c:139:6:HAL_PCD_SetupStageCallback	16	static
C:/Users/MEMS/OneDrive/polimi/2024/ai_inertial_steval_mkboxpro/USB_Device/Target/usbd_conf.c:160:6:HAL_PCD_DataOutStageCallback	16	static
C:/Users/MEMS/OneDrive/polimi/2024/ai_inertial_steval_mkboxpro/USB_Device/Target/usbd_conf.c:181:6:HAL_PCD_DataInStageCallback	16	static
C:/Users/MEMS/OneDrive/polimi/2024/ai_inertial_steval_mkboxpro/USB_Device/Target/usbd_conf.c:201:6:HAL_PCD_SOFCallback	16	static
C:/Users/MEMS/OneDrive/polimi/2024/ai_inertial_steval_mkboxpro/USB_Device/Target/usbd_conf.c:221:6:HAL_PCD_ResetCallback	24	static
C:/Users/MEMS/OneDrive/polimi/2024/ai_inertial_steval_mkboxpro/USB_Device/Target/usbd_conf.c:252:6:HAL_PCD_SuspendCallback	16	static
C:/Users/MEMS/OneDrive/polimi/2024/ai_inertial_steval_mkboxpro/USB_Device/Target/usbd_conf.c:300:6:HAL_PCD_ResumeCallback	16	static
C:/Users/MEMS/OneDrive/polimi/2024/ai_inertial_steval_mkboxpro/USB_Device/Target/usbd_conf.c:336:6:HAL_PCD_ISOOUTIncompleteCallback	16	static
C:/Users/MEMS/OneDrive/polimi/2024/ai_inertial_steval_mkboxpro/USB_Device/Target/usbd_conf.c:357:6:HAL_PCD_ISOINIncompleteCallback	16	static
C:/Users/MEMS/OneDrive/polimi/2024/ai_inertial_steval_mkboxpro/USB_Device/Target/usbd_conf.c:377:6:HAL_PCD_ConnectCallback	16	static
C:/Users/MEMS/OneDrive/polimi/2024/ai_inertial_steval_mkboxpro/USB_Device/Target/usbd_conf.c:397:6:HAL_PCD_DisconnectCallback	16	static
C:/Users/MEMS/OneDrive/polimi/2024/ai_inertial_steval_mkboxpro/USB_Device/Target/usbd_conf.c:422:20:USBD_LL_Init	24	static
C:/Users/MEMS/OneDrive/polimi/2024/ai_inertial_steval_mkboxpro/USB_Device/Target/usbd_conf.c:491:20:USBD_LL_DeInit	24	static
C:/Users/MEMS/OneDrive/polimi/2024/ai_inertial_steval_mkboxpro/USB_Device/Target/usbd_conf.c:508:20:USBD_LL_Start	24	static
C:/Users/MEMS/OneDrive/polimi/2024/ai_inertial_steval_mkboxpro/USB_Device/Target/usbd_conf.c:525:20:USBD_LL_Stop	24	static
C:/Users/MEMS/OneDrive/polimi/2024/ai_inertial_steval_mkboxpro/USB_Device/Target/usbd_conf.c:545:20:USBD_LL_OpenEP	24	static
C:/Users/MEMS/OneDrive/polimi/2024/ai_inertial_steval_mkboxpro/USB_Device/Target/usbd_conf.c:563:20:USBD_LL_CloseEP	24	static
C:/Users/MEMS/OneDrive/polimi/2024/ai_inertial_steval_mkboxpro/USB_Device/Target/usbd_conf.c:581:20:USBD_LL_FlushEP	24	static
C:/Users/MEMS/OneDrive/polimi/2024/ai_inertial_steval_mkboxpro/USB_Device/Target/usbd_conf.c:599:20:USBD_LL_StallEP	24	static
C:/Users/MEMS/OneDrive/polimi/2024/ai_inertial_steval_mkboxpro/USB_Device/Target/usbd_conf.c:617:20:USBD_LL_ClearStallEP	24	static
C:/Users/MEMS/OneDrive/polimi/2024/ai_inertial_steval_mkboxpro/USB_Device/Target/usbd_conf.c:635:9:USBD_LL_IsStallEP	24	static
C:/Users/MEMS/OneDrive/polimi/2024/ai_inertial_steval_mkboxpro/USB_Device/Target/usbd_conf.c:655:20:USBD_LL_SetUSBAddress	24	static
C:/Users/MEMS/OneDrive/polimi/2024/ai_inertial_steval_mkboxpro/USB_Device/Target/usbd_conf.c:675:20:USBD_LL_Transmit	32	static
C:/Users/MEMS/OneDrive/polimi/2024/ai_inertial_steval_mkboxpro/USB_Device/Target/usbd_conf.c:695:20:USBD_LL_PrepareReceive	32	static
C:/Users/MEMS/OneDrive/polimi/2024/ai_inertial_steval_mkboxpro/USB_Device/Target/usbd_conf.c:713:10:USBD_LL_GetRxDataSize	16	static
C:/Users/MEMS/OneDrive/polimi/2024/ai_inertial_steval_mkboxpro/USB_Device/Target/usbd_conf.c:723:6:USBD_LL_Delay	16	static
C:/Users/MEMS/OneDrive/polimi/2024/ai_inertial_steval_mkboxpro/USB_Device/Target/usbd_conf.c:737:6:HAL_Delay	16	static
C:/Users/MEMS/OneDrive/polimi/2024/ai_inertial_steval_mkboxpro/USB_Device/Target/usbd_conf.c:754:7:USBD_static_malloc	16	static
C:/Users/MEMS/OneDrive/polimi/2024/ai_inertial_steval_mkboxpro/USB_Device/Target/usbd_conf.c:765:6:USBD_static_free	16	static
C:/Users/MEMS/OneDrive/polimi/2024/ai_inertial_steval_mkboxpro/USB_Device/Target/usbd_conf.c:776:7:SystemClockConfig_Resume	8	static
C:/Users/MEMS/OneDrive/polimi/2024/ai_inertial_steval_mkboxpro/USB_Device/Target/usbd_conf.c:788:20:USBD_Get_USB_Status	24	static
