C:/Users/MEMS/OneDrive/polimi/2024/ai_inertial_steval_mkboxpro/Core/Src/custom_bus.c:100:9:BSP_SPI3_Init	16	static
C:/Users/MEMS/OneDrive/polimi/2024/ai_inertial_steval_mkboxpro/Core/Src/custom_bus.c:141:9:BSP_SPI3_DeInit	16	static
C:/Users/MEMS/OneDrive/polimi/2024/ai_inertial_steval_mkboxpro/Core/Src/custom_bus.c:167:9:BSP_SPI3_Send	24	static
C:/Users/MEMS/OneDrive/polimi/2024/ai_inertial_steval_mkboxpro/Core/Src/custom_bus.c:184:10:BSP_SPI3_Recv	24	static
C:/Users/MEMS/OneDrive/polimi/2024/ai_inertial_steval_mkboxpro/Core/Src/custom_bus.c:201:9:BSP_SPI3_SendRecv	40	static
C:/Users/MEMS/OneDrive/polimi/2024/ai_inertial_steval_mkboxpro/Core/Src/custom_bus.c:219:9:BSP_SPI2_Init	16	static
C:/Users/MEMS/OneDrive/polimi/2024/ai_inertial_steval_mkboxpro/Core/Src/custom_bus.c:260:9:BSP_SPI2_DeInit	16	static
C:/Users/MEMS/OneDrive/polimi/2024/ai_inertial_steval_mkboxpro/Core/Src/custom_bus.c:286:9:BSP_SPI2_Send	24	static
C:/Users/MEMS/OneDrive/polimi/2024/ai_inertial_steval_mkboxpro/Core/Src/custom_bus.c:303:10:BSP_SPI2_Recv	24	static
C:/Users/MEMS/OneDrive/polimi/2024/ai_inertial_steval_mkboxpro/Core/Src/custom_bus.c:320:9:BSP_SPI2_SendRecv	40	static
C:/Users/MEMS/OneDrive/polimi/2024/ai_inertial_steval_mkboxpro/Core/Src/custom_bus.c:442:9:BSP_GetTick	8	static
C:/Users/MEMS/OneDrive/polimi/2024/ai_inertial_steval_mkboxpro/Core/Src/custom_bus.c:448:26:MX_SPI3_Init	32	static
C:/Users/MEMS/OneDrive/polimi/2024/ai_inertial_steval_mkboxpro/Core/Src/custom_bus.c:491:13:SPI3_MspInit	256	static
C:/Users/MEMS/OneDrive/polimi/2024/ai_inertial_steval_mkboxpro/Core/Src/custom_bus.c:541:13:SPI3_MspDeInit	16	static
C:/Users/MEMS/OneDrive/polimi/2024/ai_inertial_steval_mkboxpro/Core/Src/custom_bus.c:567:26:MX_SPI2_Init	32	static
C:/Users/MEMS/OneDrive/polimi/2024/ai_inertial_steval_mkboxpro/Core/Src/custom_bus.c:610:13:SPI2_MspInit	248	static
C:/Users/MEMS/OneDrive/polimi/2024/ai_inertial_steval_mkboxpro/Core/Src/custom_bus.c:659:13:SPI2_MspDeInit	16	static
