C:/Users/MEMS/OneDrive/polimi/2024/ai_inertial_steval_mkboxpro/Core/Src/main.c:75:5:main	1
C:/Users/MEMS/OneDrive/polimi/2024/ai_inertial_steval_mkboxpro/Core/Src/main.c:124:6:SystemClock_Config	4
C:/Users/MEMS/OneDrive/polimi/2024/ai_inertial_steval_mkboxpro/Core/Src/main.c:180:13:MX_CRC_Init	2
C:/Users/MEMS/OneDrive/polimi/2024/ai_inertial_steval_mkboxpro/Core/Src/main.c:211:13:MX_ICACHE_Init	2
C:/Users/MEMS/OneDrive/polimi/2024/ai_inertial_steval_mkboxpro/Core/Src/main.c:239:13:MX_TIM1_Init	4
C:/Users/MEMS/OneDrive/polimi/2024/ai_inertial_steval_mkboxpro/Core/Src/main.c:286:13:MX_USB_OTG_FS_PCD_Init	2
C:/Users/MEMS/OneDrive/polimi/2024/ai_inertial_steval_mkboxpro/Core/Src/main.c:322:13:MX_GPIO_Init	1
C:/Users/MEMS/OneDrive/polimi/2024/ai_inertial_steval_mkboxpro/Core/Src/main.c:401:6:Error_Handler	1
