C:/Users/MEMS/OneDrive/polimi/2024/ai_inertial_steval_mkboxpro/X-CUBE-VESPUCCI/App/app_x-cube-vespucci.c:85:9:MX_X_CUBE_VESPUCCI_Init	24	static
C:/Users/MEMS/OneDrive/polimi/2024/ai_inertial_steval_mkboxpro/X-CUBE-VESPUCCI/App/app_x-cube-vespucci.c:186:9:MX_X_CUBE_VESPUCCI_Process	8	static
C:/Users/MEMS/OneDrive/polimi/2024/ai_inertial_steval_mkboxpro/X-CUBE-VESPUCCI/App/app_x-cube-vespucci.c:233:13:SystemPower_Config	8	static
C:/Users/MEMS/OneDrive/polimi/2024/ai_inertial_steval_mkboxpro/X-CUBE-VESPUCCI/App/app_x-cube-vespucci.c:248:6:HAL_GPIO_EXTI_Rising_Callback	16	static
C:/Users/MEMS/OneDrive/polimi/2024/ai_inertial_steval_mkboxpro/X-CUBE-VESPUCCI/App/app_x-cube-vespucci.c:260:6:pnpl_init	8	static
C:/Users/MEMS/OneDrive/polimi/2024/ai_inertial_steval_mkboxpro/X-CUBE-VESPUCCI/App/app_x-cube-vespucci.c:275:6:pnpl_process	64	static
C:/Users/MEMS/OneDrive/polimi/2024/ai_inertial_steval_mkboxpro/X-CUBE-VESPUCCI/App/app_x-cube-vespucci.c:295:9:send_telemetries_mcu	3648	static
C:/Users/MEMS/OneDrive/polimi/2024/ai_inertial_steval_mkboxpro/X-CUBE-VESPUCCI/App/app_x-cube-vespucci.c:371:9:send_telemetries_mlc	32	static
C:/Users/MEMS/OneDrive/polimi/2024/ai_inertial_steval_mkboxpro/X-CUBE-VESPUCCI/App/app_x-cube-vespucci.c:406:9:debug_fifo_status	320	static
C:/Users/MEMS/OneDrive/polimi/2024/ai_inertial_steval_mkboxpro/X-CUBE-VESPUCCI/App/app_x-cube-vespucci.c:427:6:load_mlc_configuration	24	static
C:/Users/MEMS/OneDrive/polimi/2024/ai_inertial_steval_mkboxpro/X-CUBE-VESPUCCI/App/app_x-cube-vespucci.c:437:6:read_mlc_output	16	static
C:/Users/MEMS/OneDrive/polimi/2024/ai_inertial_steval_mkboxpro/X-CUBE-VESPUCCI/App/app_x-cube-vespucci.c:450:9:send_telemetries_ispu	32	static
C:/Users/MEMS/OneDrive/polimi/2024/ai_inertial_steval_mkboxpro/X-CUBE-VESPUCCI/App/app_x-cube-vespucci.c:487:6:load_ispu_configuration	24	static
C:/Users/MEMS/OneDrive/polimi/2024/ai_inertial_steval_mkboxpro/X-CUBE-VESPUCCI/App/app_x-cube-vespucci.c:501:6:read_ispu_output	16	static
C:/Users/MEMS/OneDrive/polimi/2024/ai_inertial_steval_mkboxpro/X-CUBE-VESPUCCI/App/app_x-cube-vespucci.c:510:9:sensor_init	16	static
C:/Users/MEMS/OneDrive/polimi/2024/ai_inertial_steval_mkboxpro/X-CUBE-VESPUCCI/App/app_x-cube-vespucci.c:553:10:get_ucf_number_of_lines	24	static
C:/Users/MEMS/OneDrive/polimi/2024/ai_inertial_steval_mkboxpro/X-CUBE-VESPUCCI/App/app_x-cube-vespucci.c:581:6:fill_mlc_configuration	48	static
C:/Users/MEMS/OneDrive/polimi/2024/ai_inertial_steval_mkboxpro/X-CUBE-VESPUCCI/App/app_x-cube-vespucci.c:619:6:fill_ispu_configuration	56	static
C:/Users/MEMS/OneDrive/polimi/2024/ai_inertial_steval_mkboxpro/X-CUBE-VESPUCCI/App/app_x-cube-vespucci.c:667:6:get_mlc_register	32	static
C:/Users/MEMS/OneDrive/polimi/2024/ai_inertial_steval_mkboxpro/X-CUBE-VESPUCCI/App/app_x-cube-vespucci.c:688:6:send_identity	16	static
C:/Users/MEMS/OneDrive/polimi/2024/ai_inertial_steval_mkboxpro/X-CUBE-VESPUCCI/App/app_x-cube-vespucci.c:701:6:send_status	16	static
C:/Users/MEMS/OneDrive/polimi/2024/ai_inertial_steval_mkboxpro/X-CUBE-VESPUCCI/App/app_x-cube-vespucci.c:714:6:identify_get_cmd	24	static
C:/Users/MEMS/OneDrive/polimi/2024/ai_inertial_steval_mkboxpro/X-CUBE-VESPUCCI/App/app_x-cube-vespucci.c:731:6:ispu_get_mounted	4	static
C:/Users/MEMS/OneDrive/polimi/2024/ai_inertial_steval_mkboxpro/X-CUBE-VESPUCCI/App/app_x-cube-vespucci.c:739:6:HAL_TIM_PeriodElapsedCallback	16	static
C:/Users/MEMS/OneDrive/polimi/2024/ai_inertial_steval_mkboxpro/X-CUBE-VESPUCCI/App/app_x-cube-vespucci.c:751:11:compute_actual_odr	16	static
C:/Users/MEMS/OneDrive/polimi/2024/ai_inertial_steval_mkboxpro/X-CUBE-VESPUCCI/App/app_x-cube-vespucci.c:760:6:jump_to_bootloader	24	static,ignoring_inline_asm
